Component: ARM Compiler 6.7 Tool: armlink [5c9ef700]

==============================================================================

Section Cross References

    main.o(.text.main) refers to mpu6050.o(.text.v_Init_Mpu6050) for v_Init_Mpu6050
    main.o(.text.main) refers to stm32f4xx_gpio.o(.text.GPIO_SetBits) for GPIO_SetBits
    main.o(.text.main) refers to timer.o(.text.v_InitTimerBase) for v_InitTimerBase
    main.o(.text.main) refers to pwm.o(.text.v_PWM_Config) for v_PWM_Config
    main.o(.text.main) refers to encoder.o(.text.v_InitEncoder) for v_InitEncoder
    main.o(.text.main) refers to stm32f4xx_tim.o(.text.TIM_GetCounter) for TIM_GetCounter
    main.o(.text.main) refers to main.o(.bss.debug) for debug
    main.o(.text.main) refers to state_machine.o(.text.ui8_GetStateStatus) for ui8_GetStateStatus
    main.o(.text.main) refers to state_machine.o(.text.v_ImplementStateMachine) for v_ImplementStateMachine
    main.o(.text.main) refers to state_machine.o(.text.v_ResetStateStatus) for v_ResetStateStatus
    main.o(.text.main) refers to kalman_filter.o(.text.MPU6050_Kalman_Angle) for MPU6050_Kalman_Angle
    main.o(.ARM.exidx.text.main) refers to main.o(.text.main) for [Anonymous Symbol]
    stm32f4xx_it.o(.ARM.exidx.text.NMI_Handler) refers to stm32f4xx_it.o(.text.NMI_Handler) for [Anonymous Symbol]
    stm32f4xx_it.o(.ARM.exidx.text.HardFault_Handler) refers to stm32f4xx_it.o(.text.HardFault_Handler) for [Anonymous Symbol]
    stm32f4xx_it.o(.ARM.exidx.text.MemManage_Handler) refers to stm32f4xx_it.o(.text.MemManage_Handler) for [Anonymous Symbol]
    stm32f4xx_it.o(.ARM.exidx.text.BusFault_Handler) refers to stm32f4xx_it.o(.text.BusFault_Handler) for [Anonymous Symbol]
    stm32f4xx_it.o(.ARM.exidx.text.UsageFault_Handler) refers to stm32f4xx_it.o(.text.UsageFault_Handler) for [Anonymous Symbol]
    stm32f4xx_it.o(.ARM.exidx.text.DebugMon_Handler) refers to stm32f4xx_it.o(.text.DebugMon_Handler) for [Anonymous Symbol]
    stm32f4xx_it.o(.ARM.exidx.text.SVC_Handler) refers to stm32f4xx_it.o(.text.SVC_Handler) for [Anonymous Symbol]
    stm32f4xx_it.o(.ARM.exidx.text.PendSV_Handler) refers to stm32f4xx_it.o(.text.PendSV_Handler) for [Anonymous Symbol]
    stm32f4xx_it.o(.ARM.exidx.text.SysTick_Handler) refers to stm32f4xx_it.o(.text.SysTick_Handler) for [Anonymous Symbol]
    system_stm32f4xx.o(.text.SystemInit) refers to system_stm32f4xx.o(.text.SetSysClock) for SetSysClock
    system_stm32f4xx.o(.ARM.exidx.text.SystemInit) refers to system_stm32f4xx.o(.text.SystemInit) for [Anonymous Symbol]
    system_stm32f4xx.o(.ARM.exidx.text.SetSysClock) refers to system_stm32f4xx.o(.text.SetSysClock) for [Anonymous Symbol]
    system_stm32f4xx.o(.text.SystemCoreClockUpdate) refers to system_stm32f4xx.o(.data.SystemCoreClock) for SystemCoreClock
    system_stm32f4xx.o(.text.SystemCoreClockUpdate) refers to system_stm32f4xx.o(.rodata.AHBPrescTable) for AHBPrescTable
    system_stm32f4xx.o(.ARM.exidx.text.SystemCoreClockUpdate) refers to system_stm32f4xx.o(.text.SystemCoreClockUpdate) for [Anonymous Symbol]
    startup_stm32f40xx.o(RESET) refers to startup_stm32f40xx.o(STACK) for __initial_sp
    startup_stm32f40xx.o(RESET) refers to startup_stm32f40xx.o(.text) for Reset_Handler
    startup_stm32f40xx.o(RESET) refers to stm32f4xx_it.o(.text.NMI_Handler) for NMI_Handler
    startup_stm32f40xx.o(RESET) refers to stm32f4xx_it.o(.text.HardFault_Handler) for HardFault_Handler
    startup_stm32f40xx.o(RESET) refers to stm32f4xx_it.o(.text.MemManage_Handler) for MemManage_Handler
    startup_stm32f40xx.o(RESET) refers to stm32f4xx_it.o(.text.BusFault_Handler) for BusFault_Handler
    startup_stm32f40xx.o(RESET) refers to stm32f4xx_it.o(.text.UsageFault_Handler) for UsageFault_Handler
    startup_stm32f40xx.o(RESET) refers to stm32f4xx_it.o(.text.SVC_Handler) for SVC_Handler
    startup_stm32f40xx.o(RESET) refers to stm32f4xx_it.o(.text.DebugMon_Handler) for DebugMon_Handler
    startup_stm32f40xx.o(RESET) refers to stm32f4xx_it.o(.text.PendSV_Handler) for PendSV_Handler
    startup_stm32f40xx.o(RESET) refers to stm32f4xx_it.o(.text.SysTick_Handler) for SysTick_Handler
    startup_stm32f40xx.o(RESET) refers to encoder.o(.text.TIM2_IRQHandler) for TIM2_IRQHandler
    startup_stm32f40xx.o(RESET) refers to timer.o(.text.TIM5_IRQHandler) for TIM5_IRQHandler
    startup_stm32f40xx.o(.text) refers to system_stm32f4xx.o(.text.SystemInit) for SystemInit
    startup_stm32f40xx.o(.text) refers to entry.o(.ARM.Collect$$$$00000000) for __main
    misc.o(.ARM.exidx.text.NVIC_PriorityGroupConfig) refers to misc.o(.text.NVIC_PriorityGroupConfig) for [Anonymous Symbol]
    misc.o(.ARM.exidx.text.NVIC_Init) refers to misc.o(.text.NVIC_Init) for [Anonymous Symbol]
    misc.o(.ARM.exidx.text.NVIC_SetVectorTable) refers to misc.o(.text.NVIC_SetVectorTable) for [Anonymous Symbol]
    misc.o(.ARM.exidx.text.NVIC_SystemLPConfig) refers to misc.o(.text.NVIC_SystemLPConfig) for [Anonymous Symbol]
[...]
    Removing stm32f4xx_i2c.o(.text.I2C_GetPEC), (18 bytes).
    Removing stm32f4xx_i2c.o(.ARM.exidx.text.I2C_GetPEC), (8 bytes).
    Removing stm32f4xx_i2c.o(.text.I2C_DMACmd), (50 bytes).
    Removing stm32f4xx_i2c.o(.ARM.exidx.text.I2C_DMACmd), (8 bytes).
    Removing stm32f4xx_i2c.o(.text.I2C_DMALastTransferCmd), (50 bytes).
    Removing stm32f4xx_i2c.o(.ARM.exidx.text.I2C_DMALastTransferCmd), (8 bytes).
    Removing stm32f4xx_i2c.o(.text.I2C_ReadRegister), (42 bytes).
    Removing stm32f4xx_i2c.o(.ARM.exidx.text.I2C_ReadRegister), (8 bytes).
    Removing stm32f4xx_i2c.o(.text.I2C_ITConfig), (70 bytes).
    Removing stm32f4xx_i2c.o(.ARM.exidx.text.I2C_ITConfig), (8 bytes).
    Removing stm32f4xx_i2c.o(.ARM.exidx.text.I2C_CheckEvent), (8 bytes).
    Removing stm32f4xx_i2c.o(.text.I2C_GetLastEvent), (52 bytes).
    Removing stm32f4xx_i2c.o(.ARM.exidx.text.I2C_GetLastEvent), (8 bytes).
    Removing stm32f4xx_i2c.o(.ARM.exidx.text.I2C_GetFlagStatus), (8 bytes).
    Removing stm32f4xx_i2c.o(.text.I2C_ClearFlag), (38 bytes).
    Removing stm32f4xx_i2c.o(.ARM.exidx.text.I2C_ClearFlag), (8 bytes).
    Removing stm32f4xx_i2c.o(.text.I2C_GetITStatus), (82 bytes).
    Removing stm32f4xx_i2c.o(.ARM.exidx.text.I2C_GetITStatus), (8 bytes).
    Removing stm32f4xx_i2c.o(.text.I2C_ClearITPendingBit), (38 bytes).
    Removing stm32f4xx_i2c.o(.ARM.exidx.text.I2C_ClearITPendingBit), (8 bytes).
    Removing stm32f4xx_syscfg.o(.text), (0 bytes).
    Removing stm32f4xx_syscfg.o(.text.SYSCFG_DeInit), (28 bytes).
    Removing stm32f4xx_syscfg.o(.ARM.exidx.text.SYSCFG_DeInit), (8 bytes).
    Removing stm32f4xx_syscfg.o(.text.SYSCFG_MemoryRemapConfig), (28 bytes).
    Removing stm32f4xx_syscfg.o(.ARM.exidx.text.SYSCFG_MemoryRemapConfig), (8 bytes).
    Removing stm32f4xx_syscfg.o(.text.SYSCFG_MemorySwappingBank), (22 bytes).
    Removing stm32f4xx_syscfg.o(.ARM.exidx.text.SYSCFG_MemorySwappingBank), (8 bytes).
    Removing stm32f4xx_syscfg.o(.text.SYSCFG_EXTILineConfig), (112 bytes).
    Removing stm32f4xx_syscfg.o(.ARM.exidx.text.SYSCFG_EXTILineConfig), (8 bytes).
    Removing stm32f4xx_syscfg.o(.text.SYSCFG_ETH_MediaInterfaceConfig), (22 bytes).
    Removing stm32f4xx_syscfg.o(.ARM.exidx.text.SYSCFG_ETH_MediaInterfaceConfig), (8 bytes).
    Removing stm32f4xx_syscfg.o(.text.SYSCFG_CompensationCellCmd), (24 bytes).
    Removing stm32f4xx_syscfg.o(.ARM.exidx.text.SYSCFG_CompensationCellCmd), (8 bytes).
    Removing stm32f4xx_syscfg.o(.text.SYSCFG_GetCompensationCellStatus), (42 bytes).
    Removing stm32f4xx_syscfg.o(.ARM.exidx.text.SYSCFG_GetCompensationCellStatus), (8 bytes).
    Removing stm32f4xx_rcc.o(.text), (0 bytes).
    Removing stm32f4xx_rcc.o(.text.RCC_DeInit), (126 bytes).
    Removing stm32f4xx_rcc.o(.ARM.exidx.text.RCC_DeInit), (8 bytes).
    Removing stm32f4xx_rcc.o(.text.RCC_HSEConfig), (32 bytes).
    Removing stm32f4xx_rcc.o(.ARM.exidx.text.RCC_HSEConfig), (8 bytes).
    Removing stm32f4xx_rcc.o(.text.RCC_WaitForHSEStartUp), (96 bytes).
    Removing stm32f4xx_rcc.o(.ARM.exidx.text.RCC_WaitForHSEStartUp), (8 bytes).
    Removing stm32f4xx_rcc.o(.text.RCC_GetFlagStatus), (130 bytes).
    Removing stm32f4xx_rcc.o(.ARM.exidx.text.RCC_GetFlagStatus), (8 bytes).
    Removing stm32f4xx_rcc.o(.text.RCC_AdjustHSICalibrationValue), (54 bytes).
    Removing stm32f4xx_rcc.o(.ARM.exidx.text.RCC_AdjustHSICalibrationValue), (8 bytes).
    Removing stm32f4xx_rcc.o(.text.RCC_HSICmd), (22 bytes).
    Removing stm32f4xx_rcc.o(.ARM.exidx.text.RCC_HSICmd), (8 bytes).
    Removing stm32f4xx_rcc.o(.text.RCC_LSEConfig), (80 bytes).
    Removing stm32f4xx_rcc.o(.ARM.exidx.text.RCC_LSEConfig), (8 bytes).
    Removing stm32f4xx_rcc.o(.text.RCC_LSICmd), (24 bytes).
    Removing stm32f4xx_rcc.o(.ARM.exidx.text.RCC_LSICmd), (8 bytes).
    Removing stm32f4xx_rcc.o(.text.RCC_PLLConfig), (86 bytes).
    Removing stm32f4xx_rcc.o(.ARM.exidx.text.RCC_PLLConfig), (8 bytes).
    Removing stm32f4xx_rcc.o(.text.RCC_PLLCmd), (22 bytes).
    Removing stm32f4xx_rcc.o(.ARM.exidx.text.RCC_PLLCmd), (8 bytes).
    Removing stm32f4xx_rcc.o(.text.RCC_PLLI2SConfig), (38 bytes).
    Removing stm32f4xx_rcc.o(.ARM.exidx.text.RCC_PLLI2SConfig), (8 bytes).
    Removing stm32f4xx_rcc.o(.text.RCC_PLLI2SCmd), (22 bytes).
    Removing stm32f4xx_rcc.o(.ARM.exidx.text.RCC_PLLI2SCmd), (8 bytes).
    Removing stm32f4xx_rcc.o(.text.RCC_PLLSAIConfig), (56 bytes).
    Removing stm32f4xx_rcc.o(.ARM.exidx.text.RCC_PLLSAIConfig), (8 bytes).
    Removing stm32f4xx_rcc.o(.text.RCC_PLLSAICmd), (22 bytes).
    Removing stm32f4xx_rcc.o(.ARM.exidx.text.RCC_PLLSAICmd), (8 bytes).
    Removing stm32f4xx_rcc.o(.text.RCC_ClockSecuritySystemCmd), (22 bytes).
    Removing stm32f4xx_rcc.o(.ARM.exidx.text.RCC_ClockSecuritySystemCmd), (8 bytes).
    Removing stm32f4xx_rcc.o(.text.RCC_MCO1Config), (66 bytes).
    Removing stm32f4xx_rcc.o(.ARM.exidx.text.RCC_MCO1Config), (8 bytes).
    Removing stm32f4xx_rcc.o(.text.RCC_MCO2Config), (66 bytes).
    Removing stm32f4xx_rcc.o(.ARM.exidx.text.RCC_MCO2Config), (8 bytes).
    Removing stm32f4xx_rcc.o(.text.RCC_SYSCLKConfig), (48 bytes).
    Removing stm32f4xx_rcc.o(.ARM.exidx.text.RCC_SYSCLKConfig), (8 bytes).
    Removing stm32f4xx_rcc.o(.text.RCC_GetSYSCLKSource), (16 bytes).
    Removing stm32f4xx_rcc.o(.ARM.exidx.text.RCC_GetSYSCLKSource), (8 bytes).
    Removing stm32f4xx_rcc.o(.text.RCC_HCLKConfig), (48 bytes).
    Removing stm32f4xx_rcc.o(.ARM.exidx.text.RCC_HCLKConfig), (8 bytes).
    Removing stm32f4xx_rcc.o(.text.RCC_PCLK1Config), (48 bytes).
    Removing stm32f4xx_rcc.o(.ARM.exidx.text.RCC_PCLK1Config), (8 bytes).
    Removing stm32f4xx_rcc.o(.text.RCC_PCLK2Config), (50 bytes).
    Removing stm32f4xx_rcc.o(.ARM.exidx.text.RCC_PCLK2Config), (8 bytes).
    Removing stm32f4xx_rcc.o(.ARM.exidx.text.RCC_GetClocksFreq), (8 bytes).
    Removing stm32f4xx_rcc.o(.text.RCC_RTCCLKConfig), (94 bytes).
    Removing stm32f4xx_rcc.o(.ARM.exidx.text.RCC_RTCCLKConfig), (8 bytes).
    Removing stm32f4xx_rcc.o(.text.RCC_RTCCLKCmd), (24 bytes).
    Removing stm32f4xx_rcc.o(.ARM.exidx.text.RCC_RTCCLKCmd), (8 bytes).
    Removing stm32f4xx_rcc.o(.text.RCC_BackupResetCmd), (24 bytes).
    Removing stm32f4xx_rcc.o(.ARM.exidx.text.RCC_BackupResetCmd), (8 bytes).
    Removing stm32f4xx_rcc.o(.text.RCC_I2SCLKConfig), (24 bytes).
    Removing stm32f4xx_rcc.o(.ARM.exidx.text.RCC_I2SCLKConfig), (8 bytes).
    Removing stm32f4xx_rcc.o(.text.RCC_SAIBlockACLKConfig), (48 bytes).
    Removing stm32f4xx_rcc.o(.ARM.exidx.text.RCC_SAIBlockACLKConfig), (8 bytes).
    Removing stm32f4xx_rcc.o(.text.RCC_SAIBlockBCLKConfig), (48 bytes).
    Removing stm32f4xx_rcc.o(.ARM.exidx.text.RCC_SAIBlockBCLKConfig), (8 bytes).
    Removing stm32f4xx_rcc.o(.text.RCC_SAIPLLI2SClkDivConfig), (50 bytes).
    Removing stm32f4xx_rcc.o(.ARM.exidx.text.RCC_SAIPLLI2SClkDivConfig), (8 bytes).
    Removing stm32f4xx_rcc.o(.text.RCC_SAIPLLSAIClkDivConfig), (56 bytes).
    Removing stm32f4xx_rcc.o(.ARM.exidx.text.RCC_SAIPLLSAIClkDivConfig), (8 bytes).
    Removing stm32f4xx_rcc.o(.text.RCC_LTDCCLKDivConfig), (48 bytes).
    Removing stm32f4xx_rcc.o(.ARM.exidx.text.RCC_LTDCCLKDivConfig), (8 bytes).
    Removing stm32f4xx_rcc.o(.text.RCC_TIMCLKPresConfig), (24 bytes).
    Removing stm32f4xx_rcc.o(.ARM.exidx.text.RCC_TIMCLKPresConfig), (8 bytes).
    Removing stm32f4xx_rcc.o(.ARM.exidx.text.RCC_AHB1PeriphClockCmd), (8 bytes).
    Removing stm32f4xx_rcc.o(.text.RCC_AHB2PeriphClockCmd), (64 bytes).
    Removing stm32f4xx_rcc.o(.ARM.exidx.text.RCC_AHB2PeriphClockCmd), (8 bytes).
    Removing stm32f4xx_rcc.o(.text.RCC_AHB3PeriphClockCmd), (64 bytes).
    Removing stm32f4xx_rcc.o(.ARM.exidx.text.RCC_AHB3PeriphClockCmd), (8 bytes).
    Removing stm32f4xx_rcc.o(.ARM.exidx.text.RCC_APB1PeriphClockCmd), (8 bytes).
    Removing stm32f4xx_rcc.o(.text.RCC_APB2PeriphClockCmd), (64 bytes).
    Removing stm32f4xx_rcc.o(.ARM.exidx.text.RCC_APB2PeriphClockCmd), (8 bytes).
    Removing stm32f4xx_rcc.o(.text.RCC_AHB1PeriphResetCmd), (64 bytes).
    Removing stm32f4xx_rcc.o(.ARM.exidx.text.RCC_AHB1PeriphResetCmd), (8 bytes).
    Removing stm32f4xx_rcc.o(.text.RCC_AHB2PeriphResetCmd), (64 bytes).
    Removing stm32f4xx_rcc.o(.ARM.exidx.text.RCC_AHB2PeriphResetCmd), (8 bytes).
    Removing stm32f4xx_rcc.o(.text.RCC_AHB3PeriphResetCmd), (64 bytes).
    Removing stm32f4xx_rcc.o(.ARM.exidx.text.RCC_AHB3PeriphResetCmd), (8 bytes).
    Removing stm32f4xx_rcc.o(.text.RCC_APB1PeriphResetCmd), (64 bytes).
    Removing stm32f4xx_rcc.o(.ARM.exidx.text.RCC_APB1PeriphResetCmd), (8 bytes).
    Removing stm32f4xx_rcc.o(.text.RCC_APB2PeriphResetCmd), (64 bytes).
    Removing stm32f4xx_rcc.o(.ARM.exidx.text.RCC_APB2PeriphResetCmd), (8 bytes).
    Removing stm32f4xx_rcc.o(.text.RCC_AHB1PeriphClockLPModeCmd), (64 bytes).
    Removing stm32f4xx_rcc.o(.ARM.exidx.text.RCC_AHB1PeriphClockLPModeCmd), (8 bytes).
    Removing stm32f4xx_rcc.o(.text.RCC_AHB2PeriphClockLPModeCmd), (64 bytes).
    Removing stm32f4xx_rcc.o(.ARM.exidx.text.RCC_AHB2PeriphClockLPModeCmd), (8 bytes).
    Removing stm32f4xx_rcc.o(.text.RCC_AHB3PeriphClockLPModeCmd), (64 bytes).
    Removing stm32f4xx_rcc.o(.ARM.exidx.text.RCC_AHB3PeriphClockLPModeCmd), (8 bytes).
    Removing stm32f4xx_rcc.o(.text.RCC_APB1PeriphClockLPModeCmd), (64 bytes).
    Removing stm32f4xx_rcc.o(.ARM.exidx.text.RCC_APB1PeriphClockLPModeCmd), (8 bytes).
    Removing stm32f4xx_rcc.o(.text.RCC_APB2PeriphClockLPModeCmd), (64 bytes).
    Removing stm32f4xx_rcc.o(.ARM.exidx.text.RCC_APB2PeriphClockLPModeCmd), (8 bytes).
    Removing stm32f4xx_rcc.o(.text.RCC_LSEModeConfig), (60 bytes).
    Removing stm32f4xx_rcc.o(.ARM.exidx.text.RCC_LSEModeConfig), (8 bytes).
    Removing stm32f4xx_rcc.o(.text.RCC_ITConfig), (70 bytes).
    Removing stm32f4xx_rcc.o(.ARM.exidx.text.RCC_ITConfig), (8 bytes).
    Removing stm32f4xx_rcc.o(.text.RCC_ClearFlag), (18 bytes).
    Removing stm32f4xx_rcc.o(.ARM.exidx.text.RCC_ClearFlag), (8 bytes).
    Removing stm32f4xx_rcc.o(.text.RCC_GetITStatus), (52 bytes).
    Removing stm32f4xx_rcc.o(.ARM.exidx.text.RCC_GetITStatus), (8 bytes).
    Removing stm32f4xx_rcc.o(.text.RCC_ClearITPendingBit), (28 bytes).
    Removing stm32f4xx_rcc.o(.ARM.exidx.text.RCC_ClearITPendingBit), (8 bytes).
    Removing stm32f4xx_tim.o(.text), (0 bytes).
    Removing stm32f4xx_tim.o(.text.TIM_DeInit), (544 bytes).
    Removing stm32f4xx_tim.o(.ARM.exidx.text.TIM_DeInit), (8 bytes).
    Removing stm32f4xx_tim.o(.ARM.exidx.text.TIM_TimeBaseInit), (8 bytes).
    Removing stm32f4xx_tim.o(.text.TIM_TimeBaseStructInit), (38 bytes).
    Removing stm32f4xx_tim.o(.ARM.exidx.text.TIM_TimeBaseStructInit), (8 bytes).
    Removing stm32f4xx_tim.o(.text.TIM_PrescalerConfig), (50 bytes).
    Removing stm32f4xx_tim.o(.ARM.exidx.text.TIM_PrescalerConfig), (8 bytes).
    Removing stm32f4xx_tim.o(.text.TIM_CounterModeConfig), (68 bytes).
    Removing stm32f4xx_tim.o(.ARM.exidx.text.TIM_CounterModeConfig), (8 bytes).
    Removing stm32f4xx_tim.o(.ARM.exidx.text.TIM_SetCounter), (8 bytes).
    Removing stm32f4xx_tim.o(.text.TIM_SetAutoreload), (24 bytes).
    Removing stm32f4xx_tim.o(.ARM.exidx.text.TIM_SetAutoreload), (8 bytes).
    Removing stm32f4xx_tim.o(.ARM.exidx.text.TIM_GetCounter), (8 bytes).
    Removing stm32f4xx_tim.o(.text.TIM_GetPrescaler), (16 bytes).
    Removing stm32f4xx_tim.o(.ARM.exidx.text.TIM_GetPrescaler), (8 bytes).
    Removing stm32f4xx_tim.o(.text.TIM_UpdateDisableConfig), (50 bytes).
    Removing stm32f4xx_tim.o(.ARM.exidx.text.TIM_UpdateDisableConfig), (8 bytes).
    Removing stm32f4xx_tim.o(.text.TIM_UpdateRequestConfig), (54 bytes).
    Removing stm32f4xx_tim.o(.ARM.exidx.text.TIM_UpdateRequestConfig), (8 bytes).
    Removing stm32f4xx_tim.o(.text.TIM_ARRPreloadConfig), (50 bytes).
    Removing stm32f4xx_tim.o(.ARM.exidx.text.TIM_ARRPreloadConfig), (8 bytes).
    Removing stm32f4xx_tim.o(.text.TIM_SelectOnePulseMode), (46 bytes).
    Removing stm32f4xx_tim.o(.ARM.exidx.text.TIM_SelectOnePulseMode), (8 bytes).
    Removing stm32f4xx_tim.o(.text.TIM_SetClockDivision), (46 bytes).
    Removing stm32f4xx_tim.o(.ARM.exidx.text.TIM_SetClockDivision), (8 bytes).
    Removing stm32f4xx_tim.o(.ARM.exidx.text.TIM_Cmd), (8 bytes).
    Removing stm32f4xx_tim.o(.text.TIM_OC1Init), (312 bytes).
    Removing stm32f4xx_tim.o(.ARM.exidx.text.TIM_OC1Init), (8 bytes).
    Removing stm32f4xx_tim.o(.ARM.exidx.text.TIM_OC2Init), (8 bytes).
    Removing stm32f4xx_tim.o(.text.TIM_OC3Init), (324 bytes).
    Removing stm32f4xx_tim.o(.ARM.exidx.text.TIM_OC3Init), (8 bytes).
    Removing stm32f4xx_tim.o(.text.TIM_OC4Init), (242 bytes).
    Removing stm32f4xx_tim.o(.ARM.exidx.text.TIM_OC4Init), (8 bytes).
    Removing stm32f4xx_tim.o(.text.TIM_OCStructInit), (46 bytes).
    Removing stm32f4xx_tim.o(.ARM.exidx.text.TIM_OCStructInit), (8 bytes).
    Removing stm32f4xx_tim.o(.text.TIM_SelectOCxM), (188 bytes).
    Removing stm32f4xx_tim.o(.ARM.exidx.text.TIM_SelectOCxM), (8 bytes).
    Removing stm32f4xx_tim.o(.text.TIM_SetCompare1), (24 bytes).
    Removing stm32f4xx_tim.o(.ARM.exidx.text.TIM_SetCompare1), (8 bytes).
    Removing stm32f4xx_tim.o(.text.TIM_SetCompare2), (24 bytes).
    Removing stm32f4xx_tim.o(.ARM.exidx.text.TIM_SetCompare2), (8 bytes).
    Removing stm32f4xx_tim.o(.text.TIM_SetCompare3), (24 bytes).
    Removing stm32f4xx_tim.o(.ARM.exidx.text.TIM_SetCompare3), (8 bytes).
    Removing stm32f4xx_tim.o(.text.TIM_SetCompare4), (24 bytes).
    Removing stm32f4xx_tim.o(.ARM.exidx.text.TIM_SetCompare4), (8 bytes).
    Removing stm32f4xx_tim.o(.text.TIM_ForcedOC1Config), (68 bytes).
    Removing stm32f4xx_tim.o(.ARM.exidx.text.TIM_ForcedOC1Config), (8 bytes).
    Removing stm32f4xx_tim.o(.text.TIM_ForcedOC2Config), (70 bytes).
    Removing stm32f4xx_tim.o(.ARM.exidx.text.TIM_ForcedOC2Config), (8 bytes).
    Removing stm32f4xx_tim.o(.text.TIM_ForcedOC3Config), (68 bytes).
    Removing stm32f4xx_tim.o(.ARM.exidx.text.TIM_ForcedOC3Config), (8 bytes).
    Removing stm32f4xx_tim.o(.text.TIM_ForcedOC4Config), (70 bytes).
    Removing stm32f4xx_tim.o(.ARM.exidx.text.TIM_ForcedOC4Config), (8 bytes).
    Removing stm32f4xx_tim.o(.text.TIM_OC1PreloadConfig), (68 bytes).
    Removing stm32f4xx_tim.o(.ARM.exidx.text.TIM_OC1PreloadConfig), (8 bytes).
    Removing stm32f4xx_tim.o(.text.TIM_OC2PreloadConfig), (70 bytes).
    Removing stm32f4xx_tim.o(.ARM.exidx.text.TIM_OC2PreloadConfig), (8 bytes).
    Removing stm32f4xx_tim.o(.text.TIM_OC3PreloadConfig), (68 bytes).
    Removing stm32f4xx_tim.o(.ARM.exidx.text.TIM_OC3PreloadConfig), (8 bytes).
    Removing stm32f4xx_tim.o(.text.TIM_OC4PreloadConfig), (70 bytes).
    Removing stm32f4xx_tim.o(.ARM.exidx.text.TIM_OC4PreloadConfig), (8 bytes).
    Removing stm32f4xx_tim.o(.text.TIM_OC1FastConfig), (68 bytes).
    Removing stm32f4xx_tim.o(.ARM.exidx.text.TIM_OC1FastConfig), (8 bytes).
    Removing stm32f4xx_tim.o(.text.TIM_OC2FastConfig), (70 bytes).
    Removing stm32f4xx_tim.o(.ARM.exidx.text.TIM_OC2FastConfig), (8 bytes).
    Removing stm32f4xx_tim.o(.text.TIM_OC3FastConfig), (68 bytes).
    Removing stm32f4xx_tim.o(.ARM.exidx.text.TIM_OC3FastConfig), (8 bytes).
    Removing stm32f4xx_tim.o(.text.TIM_OC4FastConfig), (70 bytes).
    Removing stm32f4xx_tim.o(.ARM.exidx.text.TIM_OC4FastConfig), (8 bytes).
    Removing stm32f4xx_tim.o(.text.TIM_ClearOC1Ref), (68 bytes).
    Removing stm32f4xx_tim.o(.ARM.exidx.text.TIM_ClearOC1Ref), (8 bytes).
    Removing stm32f4xx_tim.o(.text.TIM_ClearOC2Ref), (70 bytes).
    Removing stm32f4xx_tim.o(.ARM.exidx.text.TIM_ClearOC2Ref), (8 bytes).
    Removing stm32f4xx_tim.o(.text.TIM_ClearOC3Ref), (68 bytes).
    Removing stm32f4xx_tim.o(.ARM.exidx.text.TIM_ClearOC3Ref), (8 bytes).
    Removing stm32f4xx_tim.o(.text.TIM_ClearOC4Ref), (70 bytes).
    Removing stm32f4xx_tim.o(.ARM.exidx.text.TIM_ClearOC4Ref), (8 bytes).
    Removing stm32f4xx_tim.o(.text.TIM_OC1PolarityConfig), (68 bytes).
    Removing stm32f4xx_tim.o(.ARM.exidx.text.TIM_OC1PolarityConfig), (8 bytes).
    Removing stm32f4xx_tim.o(.text.TIM_OC1NPolarityConfig), (68 bytes).
    Removing stm32f4xx_tim.o(.ARM.exidx.text.TIM_OC1NPolarityConfig), (8 bytes).
    Removing stm32f4xx_tim.o(.text.TIM_OC2PolarityConfig), (70 bytes).
    Removing stm32f4xx_tim.o(.ARM.exidx.text.TIM_OC2PolarityConfig), (8 bytes).
    Removing stm32f4xx_tim.o(.text.TIM_OC2NPolarityConfig), (70 bytes).
    Removing stm32f4xx_tim.o(.ARM.exidx.text.TIM_OC2NPolarityConfig), (8 bytes).
    Removing stm32f4xx_tim.o(.text.TIM_OC3PolarityConfig), (70 bytes).
    Removing stm32f4xx_tim.o(.ARM.exidx.text.TIM_OC3PolarityConfig), (8 bytes).
    Removing stm32f4xx_tim.o(.text.TIM_OC3NPolarityConfig), (70 bytes).
    Removing stm32f4xx_tim.o(.ARM.exidx.text.TIM_OC3NPolarityConfig), (8 bytes).
    Removing stm32f4xx_tim.o(.text.TIM_OC4PolarityConfig), (70 bytes).
    Removing stm32f4xx_tim.o(.ARM.exidx.text.TIM_OC4PolarityConfig), (8 bytes).
    Removing stm32f4xx_tim.o(.text.TIM_CCxCmd), (86 bytes).
    Removing stm32f4xx_tim.o(.ARM.exidx.text.TIM_CCxCmd), (8 bytes).
    Removing stm32f4xx_tim.o(.text.TIM_CCxNCmd), (86 bytes).
    Removing stm32f4xx_tim.o(.ARM.exidx.text.TIM_CCxNCmd), (8 bytes).
    Removing stm32f4xx_tim.o(.text.TIM_ICInit), (158 bytes).
    Removing stm32f4xx_tim.o(.ARM.exidx.text.TIM_ICInit), (8 bytes).
    Removing stm32f4xx_tim.o(.text.TI1_Config), (158 bytes).
    Removing stm32f4xx_tim.o(.ARM.exidx.text.TI1_Config), (8 bytes).
    Removing stm32f4xx_tim.o(.text.TIM_SetIC1Prescaler), (46 bytes).
    Removing stm32f4xx_tim.o(.ARM.exidx.text.TIM_SetIC1Prescaler), (8 bytes).
    Removing stm32f4xx_tim.o(.text.TI2_Config), (184 bytes).
    Removing stm32f4xx_tim.o(.ARM.exidx.text.TI2_Config), (8 bytes).
    Removing stm32f4xx_tim.o(.text.TIM_SetIC2Prescaler), (46 bytes).
    Removing stm32f4xx_tim.o(.ARM.exidx.text.TIM_SetIC2Prescaler), (8 bytes).
    Removing stm32f4xx_tim.o(.text.TI3_Config), (172 bytes).
    Removing stm32f4xx_tim.o(.ARM.exidx.text.TI3_Config), (8 bytes).
    Removing stm32f4xx_tim.o(.text.TIM_SetIC3Prescaler), (46 bytes).
    Removing stm32f4xx_tim.o(.ARM.exidx.text.TIM_SetIC3Prescaler), (8 bytes).
    Removing stm32f4xx_tim.o(.text.TI4_Config), (186 bytes).
    Removing stm32f4xx_tim.o(.ARM.exidx.text.TI4_Config), (8 bytes).
    Removing stm32f4xx_tim.o(.text.TIM_SetIC4Prescaler), (46 bytes).
    Removing stm32f4xx_tim.o(.ARM.exidx.text.TIM_SetIC4Prescaler), (8 bytes).
    Removing stm32f4xx_tim.o(.text.TIM_ICStructInit), (36 bytes).
    Removing stm32f4xx_tim.o(.ARM.exidx.text.TIM_ICStructInit), (8 bytes).
    Removing stm32f4xx_tim.o(.text.TIM_PWMIConfig), (202 bytes).
    Removing stm32f4xx_tim.o(.ARM.exidx.text.TIM_PWMIConfig), (8 bytes).
    Removing stm32f4xx_tim.o(.text.TIM_GetCapture1), (16 bytes).
    Removing stm32f4xx_tim.o(.ARM.exidx.text.TIM_GetCapture1), (8 bytes).
    Removing stm32f4xx_tim.o(.text.TIM_GetCapture2), (16 bytes).
    Removing stm32f4xx_tim.o(.ARM.exidx.text.TIM_GetCapture2), (8 bytes).
    Removing stm32f4xx_tim.o(.text.TIM_GetCapture3), (16 bytes).
    Removing stm32f4xx_tim.o(.ARM.exidx.text.TIM_GetCapture3), (8 bytes).
    Removing stm32f4xx_tim.o(.text.TIM_GetCapture4), (16 bytes).
    Removing stm32f4xx_tim.o(.ARM.exidx.text.TIM_GetCapture4), (8 bytes).
    Removing stm32f4xx_tim.o(.text.TIM_BDTRConfig), (72 bytes).
    Removing stm32f4xx_tim.o(.ARM.exidx.text.TIM_BDTRConfig), (8 bytes).
    Removing stm32f4xx_tim.o(.text.TIM_BDTRStructInit), (42 bytes).
    Removing stm32f4xx_tim.o(.ARM.exidx.text.TIM_BDTRStructInit), (8 bytes).
    Removing stm32f4xx_tim.o(.text.TIM_CtrlPWMOutputs), (58 bytes).
    Removing stm32f4xx_tim.o(.ARM.exidx.text.TIM_CtrlPWMOutputs), (8 bytes).
    Removing stm32f4xx_tim.o(.text.TIM_SelectCOM), (50 bytes).
    Removing stm32f4xx_tim.o(.ARM.exidx.text.TIM_SelectCOM), (8 bytes).
    Removing stm32f4xx_tim.o(.text.TIM_CCPreloadControl), (50 bytes).
    Removing stm32f4xx_tim.o(.ARM.exidx.text.TIM_CCPreloadControl), (8 bytes).
    Removing stm32f4xx_tim.o(.ARM.exidx.text.TIM_ITConfig), (8 bytes).
    Removing stm32f4xx_tim.o(.text.TIM_GenerateEvent), (28 bytes).
    Removing stm32f4xx_tim.o(.ARM.exidx.text.TIM_GenerateEvent), (8 bytes).
    Removing stm32f4xx_tim.o(.text.TIM_GetFlagStatus), (56 bytes).
    Removing stm32f4xx_tim.o(.ARM.exidx.text.TIM_GetFlagStatus), (8 bytes).
    Removing stm32f4xx_tim.o(.text.TIM_ClearFlag), (30 bytes).
    Removing stm32f4xx_tim.o(.ARM.exidx.text.TIM_ClearFlag), (8 bytes).
    Removing stm32f4xx_tim.o(.text.TIM_GetITStatus), (94 bytes).
    Removing stm32f4xx_tim.o(.ARM.exidx.text.TIM_GetITStatus), (8 bytes).
    Removing stm32f4xx_tim.o(.ARM.exidx.text.TIM_ClearITPendingBit), (8 bytes).
    Removing stm32f4xx_tim.o(.text.TIM_DMAConfig), (50 bytes).
    Removing stm32f4xx_tim.o(.ARM.exidx.text.TIM_DMAConfig), (8 bytes).
    Removing stm32f4xx_tim.o(.text.TIM_DMACmd), (70 bytes).
    Removing stm32f4xx_tim.o(.ARM.exidx.text.TIM_DMACmd), (8 bytes).
    Removing stm32f4xx_tim.o(.text.TIM_SelectCCDMA), (50 bytes).
    Removing stm32f4xx_tim.o(.ARM.exidx.text.TIM_SelectCCDMA), (8 bytes).
    Removing stm32f4xx_tim.o(.text.TIM_InternalClockConfig), (22 bytes).
    Removing stm32f4xx_tim.o(.ARM.exidx.text.TIM_InternalClockConfig), (8 bytes).
    Removing stm32f4xx_tim.o(.text.TIM_ITRxExternalClockConfig), (42 bytes).
    Removing stm32f4xx_tim.o(.ARM.exidx.text.TIM_ITRxExternalClockConfig), (8 bytes).
    Removing stm32f4xx_tim.o(.text.TIM_SelectInputTrigger), (68 bytes).
    Removing stm32f4xx_tim.o(.ARM.exidx.text.TIM_SelectInputTrigger), (8 bytes).
    Removing stm32f4xx_tim.o(.text.TIM_TIxExternalClockConfig), (108 bytes).
    Removing stm32f4xx_tim.o(.ARM.exidx.text.TIM_TIxExternalClockConfig), (8 bytes).
    Removing stm32f4xx_tim.o(.text.TIM_ETRClockMode1Config), (130 bytes).
    Removing stm32f4xx_tim.o(.ARM.exidx.text.TIM_ETRClockMode1Config), (8 bytes).
    Removing stm32f4xx_tim.o(.text.TIM_ETRConfig), (100 bytes).
    Removing stm32f4xx_tim.o(.ARM.exidx.text.TIM_ETRConfig), (8 bytes).
    Removing stm32f4xx_tim.o(.text.TIM_ETRClockMode2Config), (70 bytes).
    Removing stm32f4xx_tim.o(.ARM.exidx.text.TIM_ETRClockMode2Config), (8 bytes).
    Removing stm32f4xx_tim.o(.text.TIM_SelectOutputTrigger), (46 bytes).
    Removing stm32f4xx_tim.o(.ARM.exidx.text.TIM_SelectOutputTrigger), (8 bytes).
    Removing stm32f4xx_tim.o(.text.TIM_SelectSlaveMode), (46 bytes).
    Removing stm32f4xx_tim.o(.ARM.exidx.text.TIM_SelectSlaveMode), (8 bytes).
    Removing stm32f4xx_tim.o(.text.TIM_SelectMasterSlaveMode), (46 bytes).
    Removing stm32f4xx_tim.o(.ARM.exidx.text.TIM_SelectMasterSlaveMode), (8 bytes).
    Removing stm32f4xx_tim.o(.ARM.exidx.text.TIM_EncoderInterfaceConfig), (8 bytes).
    Removing stm32f4xx_tim.o(.text.TIM_SelectHallSensor), (50 bytes).
    Removing stm32f4xx_tim.o(.ARM.exidx.text.TIM_SelectHallSensor), (8 bytes).
    Removing stm32f4xx_tim.o(.text.TIM_RemapConfig), (30 bytes).
    Removing stm32f4xx_tim.o(.ARM.exidx.text.TIM_RemapConfig), (8 bytes).
    Removing i2c.o(.text), (0 bytes).
    Removing i2c.o(.ARM.exidx.text.i8_i2c1_Init), (8 bytes).
    Removing i2c.o(.ARM.exidx.text.i8_i2c_GenStart), (8 bytes).
    Removing i2c.o(.ARM.exidx.text.i8_i2c_GenStop), (8 bytes).
    Removing i2c.o(.ARM.exidx.text.i8_i2c_SendData), (8 bytes).
    Removing i2c.o(.ARM.exidx.text.i8_i2c_GetData_ACK), (8 bytes).
    Removing i2c.o(.ARM.exidx.text.i8_i2c_GetData_NACK), (8 bytes).
    Removing i2c.o(.ARM.exidx.text.i8_i2c_SendMultiData), (8 bytes).
    Removing i2c.o(.ARM.exidx.text.i8_i2c_ReadMultiData), (8 bytes).
    Removing i2c.o(.ARM.exidx.text.v_i2c_reset), (8 bytes).
    Removing timer.o(.text), (0 bytes).
    Removing timer.o(.ARM.exidx.text.v_InitTimerBase), (8 bytes).
    Removing timer.o(.ARM.exidx.text.TIM5_IRQHandler), (8 bytes).
    Removing timer.o(.ARM.exidx.text.v_configNVIC_timer5), (8 bytes).
    Removing pwm.o(.text), (0 bytes).
    Removing pwm.o(.ARM.exidx.text.v_PWM_Config), (8 bytes).
    Removing pwm.o(.text.v_SetPulse), (26 bytes).
    Removing pwm.o(.ARM.exidx.text.v_SetPulse), (8 bytes).
    Removing encoder.o(.text), (0 bytes).
    Removing encoder.o(.ARM.exidx.text.v_InitEncoder), (8 bytes).
    Removing encoder.o(.ARM.exidx.text.TIM2_IRQHandler), (8 bytes).
    Removing encoder.o(.text.i16_GetCycles), (14 bytes).
    Removing encoder.o(.ARM.exidx.text.i16_GetCycles), (8 bytes).
    Removing mpu6050.o(.text), (0 bytes).
    Removing mpu6050.o(.ARM.exidx.text.v_Init_Mpu6050), (8 bytes).
    Removing mpu6050.o(.ARM.exidx.text.v_ConfigLed), (8 bytes).
    Removing mpu6050.o(.ARM.exidx.text.v_Mpu6050_get_Accel_Raw), (8 bytes).
    Removing mpu6050.o(.ARM.exidx.text.v_Mpu6050_get_Gyro_Raw), (8 bytes).
    Removing mpu6050.o(.ARM.exidx.text.v_TimerOverFlow), (8 bytes).
    Removing kalman_filter.o(.text), (0 bytes).
    Removing kalman_filter.o(.ARM.exidx.text.Kalman_Filter_Process), (8 bytes).
    Removing kalman_filter.o(.ARM.exidx.text.Kalman_Get_Angle), (8 bytes).
    Removing kalman_filter.o(.ARM.exidx.text.ABS), (8 bytes).
    Removing kalman_filter.o(.ARM.exidx.text.MPU6050_Kalman_Angle), (8 bytes).
    Removing kalman_filter.o(.text.MPU6050_Complimentary_Angle), (48 bytes).
    Removing kalman_filter.o(.ARM.exidx.text.MPU6050_Complimentary_Angle), (8 bytes).
    Removing kalman_filter.o(.text.Kalman_Set_Angle), (30 bytes).
    Removing kalman_filter.o(.ARM.exidx.text.Kalman_Set_Angle), (8 bytes).
    Removing kalman_filter.o(.text.Kalman_Get_Rate), (14 bytes).
    Removing kalman_filter.o(.ARM.exidx.text.Kalman_Get_Rate), (8 bytes).
    Removing kalman_filter.o(.text.Kalman_Set_Qangle), (30 bytes).
    Removing kalman_filter.o(.ARM.exidx.text.Kalman_Set_Qangle), (8 bytes).
    Removing kalman_filter.o(.text.Kalman_Set_Qbias), (30 bytes).
    Removing kalman_filter.o(.ARM.exidx.text.Kalman_Set_Qbias), (8 bytes).
    Removing kalman_filter.o(.text.Kalman_Set_Rmeasure), (30 bytes).
    Removing kalman_filter.o(.ARM.exidx.text.Kalman_Set_Rmeasure), (8 bytes).
    Removing kalman_filter.o(.text.Kalman_Get_Qangle), (14 bytes).
    Removing kalman_filter.o(.ARM.exidx.text.Kalman_Get_Qangle), (8 bytes).
    Removing kalman_filter.o(.text.Kalman_Get_Qbias), (14 bytes).
    Removing kalman_filter.o(.ARM.exidx.text.Kalman_Get_Qbias), (8 bytes).
    Removing kalman_filter.o(.text.Kalman_Get_Rmeasure), (14 bytes).
    Removing kalman_filter.o(.ARM.exidx.text.Kalman_Get_Rmeasure), (8 bytes).
    Removing state_machine.o(.text), (0 bytes).
    Removing state_machine.o(.ARM.exidx.text.v_ImplementStateMachine), (8 bytes).
    Removing state_machine.o(.ARM.exidx.text.ui8_GetStateStatus), (8 bytes).
    Removing state_machine.o(.ARM.exidx.text.v_SetStateStatus), (8 bytes).
    Removing state_machine.o(.ARM.exidx.text.v_ResetStateStatus), (8 bytes).
    Removing dneg.o(.text), (6 bytes).
    Removing cdcmple.o(.text), (48 bytes).

492 unused section(s) (total 15908 bytes) removed from the image.

==============================================================================

Image Symbol Table

    Local Symbols

    Symbol Name                              Value     Ov Type        Size  Object(Section)

    ../Libraries/aplication modules/src/state_machine.c 0x00000000   Number         0  state_machine.o ABSOLUTE
    ../Libraries/component_drivers/src/PWM.c 0x00000000   Number         0  pwm.o ABSOLUTE
    ../Libraries/component_drivers/src/encoder.c 0x00000000   Number         0  encoder.o ABSOLUTE
    ../Libraries/component_drivers/src/i2c.c 0x00000000   Number         0  i2c.o ABSOLUTE
    ../Libraries/component_drivers/src/timer.c 0x00000000   Number         0  timer.o ABSOLUTE
    ../Libraries/low_level_drivers/STM32F4xx_StdPeriph_Driver/src/misc.c 0x00000000   Number         0  misc.o ABSOLUTE
    ../Libraries/low_level_drivers/STM32F4xx_StdPeriph_Driver/src/stm32f4xx_exti.c 0x00000000   Number         0  stm32f4xx_exti.o ABSOLUTE
    ../Libraries/low_level_drivers/STM32F4xx_StdPeriph_Driver/src/stm32f4xx_gpio.c 0x00000000   Number         0  stm32f4xx_gpio.o ABSOLUTE
    ../Libraries/low_level_drivers/STM32F4xx_StdPeriph_Driver/src/stm32f4xx_i2c.c 0x00000000   Number         0  stm32f4xx_i2c.o ABSOLUTE
    ../Libraries/low_level_drivers/STM32F4xx_StdPeriph_Driver/src/stm32f4xx_rcc.c 0x00000000   Number         0  stm32f4xx_rcc.o ABSOLUTE
    ../Libraries/low_level_drivers/STM32F4xx_StdPeriph_Driver/src/stm32f4xx_syscfg.c 0x00000000   Number         0  stm32f4xx_syscfg.o ABSOLUTE
    ../Libraries/low_level_drivers/STM32F4xx_StdPeriph_Driver/src/stm32f4xx_tim.c 0x00000000   Number         0  stm32f4xx_tim.o ABSOLUTE
    ../Libraries/service_modules/src/kalman_filter.c 0x00000000   Number         0  kalman_filter.o ABSOLUTE
    ../Libraries/service_modules/src/mpu6050.c 0x00000000   Number         0  mpu6050.o ABSOLUTE
    ../clib/microlib/errno.c                 0x00000000   Number         0  errno.o ABSOLUTE
    ../clib/microlib/init/entry.s            0x00000000   Number         0  entry10a.o ABSOLUTE
    ../clib/microlib/init/entry.s            0x00000000   Number         0  entry9b.o ABSOLUTE
    ../clib/microlib/init/entry.s            0x00000000   Number         0  entry9a.o ABSOLUTE
    ../clib/microlib/init/entry.s            0x00000000   Number         0  entry.o ABSOLUTE
    ../clib/microlib/init/entry.s            0x00000000   Number         0  entry7b.o ABSOLUTE
    ../clib/microlib/init/entry.s            0x00000000   Number         0  entry11a.o ABSOLUTE
    ../clib/microlib/init/entry.s            0x00000000   Number         0  entry10b.o ABSOLUTE
    ../clib/microlib/init/entry.s            0x00000000   Number         0  entry8a.o ABSOLUTE
    ../clib/microlib/init/entry.s            0x00000000   Number         0  entry8b.o ABSOLUTE
    ../clib/microlib/init/entry.s            0x00000000   Number         0  entry5.o ABSOLUTE
    ../clib/microlib/init/entry.s            0x00000000   Number         0  entry7a.o ABSOLUTE
    ../clib/microlib/init/entry.s            0x00000000   Number         0  entry2.o ABSOLUTE
    ../clib/microlib/init/entry.s            0x00000000   Number         0  entry11b.o ABSOLUTE
    ../clib/microlib/longlong.c              0x00000000   Number         0  llushr.o ABSOLUTE
    ../clib/microlib/longlong.c              0x00000000   Number         0  llsshr.o ABSOLUTE
    ../clib/microlib/longlong.c              0x00000000   Number         0  llshl.o ABSOLUTE
    ../clib/microlib/stubs.s                 0x00000000   Number         0  iusefp.o ABSOLUTE
    ../fplib/microlib/d2f.c                  0x00000000   Number         0  d2f.o ABSOLUTE
    ../fplib/microlib/f2d.c                  0x00000000   Number         0  f2d.o ABSOLUTE
    ../fplib/microlib/fpadd.c                0x00000000   Number         0  dadd.o ABSOLUTE
    ../fplib/microlib/fpcmp.c                0x00000000   Number         0  dcmplt.o ABSOLUTE
    ../fplib/microlib/fpcmp.c                0x00000000   Number         0  dcmple.o ABSOLUTE
    ../fplib/microlib/fpcmp.c                0x00000000   Number         0  dcmpgt.o ABSOLUTE
    ../fplib/microlib/fpcmp.c                0x00000000   Number         0  dcmpge.o ABSOLUTE
    ../fplib/microlib/fpdiv.c                0x00000000   Number         0  ddiv.o ABSOLUTE
    ../fplib/microlib/fpepilogue.c           0x00000000   Number         0  fepilogue.o ABSOLUTE
    ../fplib/microlib/fpepilogue.c           0x00000000   Number         0  depilogue.o ABSOLUTE
    ../fplib/microlib/fpflt.c                0x00000000   Number         0  dflti.o ABSOLUTE
    ../fplib/microlib/fpmul.c                0x00000000   Number         0  dmul.o ABSOLUTE
    ../fplib/microlib/fpneg.c                0x00000000   Number         0  dneg.o ABSOLUTE
    ../fplib/microlib/fpsqrt.c               0x00000000   Number         0  dsqrt.o ABSOLUTE
    ../main.c                                0x00000000   Number         0  main.o ABSOLUTE
    ../mathlib/atan.c                        0x00000000   Number         0  atan_x.o ABSOLUTE
    ../mathlib/atan.c                        0x00000000   Number         0  atan.o ABSOLUTE
    ../mathlib/atan2.c                       0x00000000   Number         0  atan2_x.o ABSOLUTE
    ../mathlib/atan2.c                       0x00000000   Number         0  atan2.o ABSOLUTE
    ../mathlib/dunder.c                      0x00000000   Number         0  dunder.o ABSOLUTE
    ../mathlib/fabs.c                        0x00000000   Number         0  fabs.o ABSOLUTE
    ../mathlib/fpclassify.c                  0x00000000   Number         0  fpclassify.o ABSOLUTE
    ../mathlib/poly.c                        0x00000000   Number         0  poly.o ABSOLUTE
    ../mathlib/qnan.c                        0x00000000   Number         0  qnan.o ABSOLUTE
    ../mathlib/sqrt.c                        0x00000000   Number         0  sqrt.o ABSOLUTE
    ../mathlib/sqrt.c                        0x00000000   Number         0  sqrt_x.o ABSOLUTE
    ../stm32f4xx_it.c                        0x00000000   Number         0  stm32f4xx_it.o ABSOLUTE
    ../system_stm32f4xx.c                    0x00000000   Number         0  system_stm32f4xx.o ABSOLUTE
    ..\Libraries\low_level_drivers\CMSIS\Device\ST\STM32F4xx\Source\Templates\arm\startup_stm32f40xx.s 0x00000000   Number         0  startup_stm32f40xx.o ABSOLUTE
    cdcmple.s                                0x00000000   Number         0  cdcmple.o ABSOLUTE
    dc.s                                     0x00000000   Number         0  dc.o ABSOLUTE
    handlers.s                               0x00000000   Number         0  handlers.o ABSOLUTE
    init.s                                   0x00000000   Number         0  init.o ABSOLUTE
    RESET                                    0x08000000   Section      392  startup_stm32f40xx.o(RESET)
    .ARM.Collect$$$$00000000                 0x08000188   Section        0  entry.o(.ARM.Collect$$$$00000000)
    .ARM.Collect$$$$00000001                 0x08000188   Section        4  entry2.o(.ARM.Collect$$$$00000001)
    .ARM.Collect$$$$00000004                 0x0800018c   Section        4  entry5.o(.ARM.Collect$$$$00000004)
    .ARM.Collect$$$$00000008                 0x08000190   Section        0  entry7b.o(.ARM.Collect$$$$00000008)
    .ARM.Collect$$$$0000000A                 0x08000190   Section        0  entry8b.o(.ARM.Collect$$$$0000000A)
    .ARM.Collect$$$$0000000B                 0x08000190   Section        8  entry9a.o(.ARM.Collect$$$$0000000B)
    .ARM.Collect$$$$0000000D                 0x08000198   Section        0  entry10a.o(.ARM.Collect$$$$0000000D)
    .ARM.Collect$$$$0000000F                 0x08000198   Section        0  entry11a.o(.ARM.Collect$$$$0000000F)
    .ARM.Collect$$$$00002712                 0x08000198   Section        4  entry2.o(.ARM.Collect$$$$00002712)
    __lit__00000000                          0x08000198   Data           4  entry2.o(.ARM.Collect$$$$00002712)
    .text                                    0x0800019c   Section       36  startup_stm32f40xx.o(.text)
    $v0                                      0x0800019c   Number         0  startup_stm32f40xx.o(.text)
    .text                                    0x080001c0   Section        0  dadd.o(.text)
    .text                                    0x0800030e   Section        0  dmul.o(.text)
    .text                                    0x080003f2   Section        0  ddiv.o(.text)
    .text                                    0x080004d0   Section        0  dcmple.o(.text)
    .text                                    0x08000506   Section        0  dcmplt.o(.text)
    .text                                    0x0800053c   Section        0  dcmpge.o(.text)
    .text                                    0x08000572   Section        0  dcmpgt.o(.text)
    .text                                    0x080005a8   Section        0  dflti.o(.text)
    .text                                    0x080005ca   Section        0  f2d.o(.text)
    .text                                    0x080005f0   Section        0  d2f.o(.text)
    .text                                    0x08000628   Section        0  llshl.o(.text)
    .text                                    0x08000646   Section        0  llsshr.o(.text)
    .text                                    0x0800066a   Section        0  fepilogue.o(.text)
    .text                                    0x0800066a   Section        0  iusefp.o(.text)
    .text                                    0x080006d8   Section        0  depilogue.o(.text)
    .text                                    0x08000792   Section        0  dsqrt.o(.text)
    .text                                    0x08000834   Section       36  init.o(.text)
    .text                                    0x08000858   Section        0  llushr.o(.text)
    [Anonymous Symbol]                       0x08000878   Section        0  kalman_filter.o(.text.ABS)
    ABS                                      0x08000879   Thumb Code   112  kalman_filter.o(.text.ABS)
    [Anonymous Symbol]                       0x080008e8   Section        0  stm32f4xx_it.o(.text.BusFault_Handler)
    [Anonymous Symbol]                       0x080008ec   Section        0  stm32f4xx_it.o(.text.DebugMon_Handler)
    [Anonymous Symbol]                       0x080008f0   Section        0  stm32f4xx_gpio.o(.text.GPIO_Init)
    [Anonymous Symbol]                       0x080009f4   Section        0  stm32f4xx_gpio.o(.text.GPIO_PinAFConfig)
    [Anonymous Symbol]                       0x08000a78   Section        0  stm32f4xx_gpio.o(.text.GPIO_ResetBits)
    [Anonymous Symbol]                       0x08000a94   Section        0  stm32f4xx_gpio.o(.text.GPIO_SetBits)
    [Anonymous Symbol]                       0x08000ab0   Section        0  stm32f4xx_it.o(.text.HardFault_Handler)
    [Anonymous Symbol]                       0x08000ab4   Section        0  stm32f4xx_i2c.o(.text.I2C_AcknowledgeConfig)
    [Anonymous Symbol]                       0x08000ae8   Section        0  stm32f4xx_i2c.o(.text.I2C_CheckEvent)
    [Anonymous Symbol]                       0x08000b3c   Section        0  stm32f4xx_i2c.o(.text.I2C_Cmd)
    [Anonymous Symbol]                       0x08000b70   Section        0  stm32f4xx_i2c.o(.text.I2C_GenerateSTART)
    [Anonymous Symbol]                       0x08000ba4   Section        0  stm32f4xx_i2c.o(.text.I2C_GenerateSTOP)
    [Anonymous Symbol]                       0x08000bd8   Section        0  stm32f4xx_i2c.o(.text.I2C_GetFlagStatus)
    [Anonymous Symbol]                       0x08000c3c   Section        0  stm32f4xx_i2c.o(.text.I2C_Init)
    [Anonymous Symbol]                       0x08000df8   Section        0  stm32f4xx_i2c.o(.text.I2C_ReceiveData)
    [Anonymous Symbol]                       0x08000e0c   Section        0  stm32f4xx_i2c.o(.text.I2C_Send7bitAddress)
    [Anonymous Symbol]                       0x08000e5c   Section        0  stm32f4xx_i2c.o(.text.I2C_SendData)
    [Anonymous Symbol]                       0x08000e78   Section        0  kalman_filter.o(.text.Kalman_Filter_Process)
    [Anonymous Symbol]                       0x08001474   Section        0  kalman_filter.o(.text.Kalman_Get_Angle)
    Kalman_Get_Angle                         0x08001475   Thumb Code   434  kalman_filter.o(.text.Kalman_Get_Angle)
    [Anonymous Symbol]                       0x08001628   Section        0  kalman_filter.o(.text.MPU6050_Kalman_Angle)
    [Anonymous Symbol]                       0x08001658   Section        0  stm32f4xx_it.o(.text.MemManage_Handler)
    [Anonymous Symbol]                       0x0800165c   Section        0  stm32f4xx_it.o(.text.NMI_Handler)
    [Anonymous Symbol]                       0x08001660   Section        0  misc.o(.text.NVIC_Init)
    [Anonymous Symbol]                       0x08001748   Section        0  stm32f4xx_it.o(.text.PendSV_Handler)
    [Anonymous Symbol]                       0x0800174c   Section        0  stm32f4xx_rcc.o(.text.RCC_AHB1PeriphClockCmd)
    [Anonymous Symbol]                       0x0800178c   Section        0  stm32f4xx_rcc.o(.text.RCC_APB1PeriphClockCmd)
    [Anonymous Symbol]                       0x080017cc   Section        0  stm32f4xx_rcc.o(.text.RCC_GetClocksFreq)
    [Anonymous Symbol]                       0x08001938   Section        0  stm32f4xx_it.o(.text.SVC_Handler)
    [Anonymous Symbol]                       0x0800193c   Section        0  system_stm32f4xx.o(.text.SetSysClock)
    SetSysClock                              0x0800193d   Thumb Code   314  system_stm32f4xx.o(.text.SetSysClock)
    [Anonymous Symbol]                       0x08001a78   Section        0  stm32f4xx_it.o(.text.SysTick_Handler)
    [Anonymous Symbol]                       0x08001a7c   Section        0  system_stm32f4xx.o(.text.SystemInit)
    [Anonymous Symbol]                       0x08001af0   Section        0  encoder.o(.text.TIM2_IRQHandler)
    [Anonymous Symbol]                       0x08001b30   Section        0  timer.o(.text.TIM5_IRQHandler)
    [Anonymous Symbol]                       0x08001b48   Section        0  stm32f4xx_tim.o(.text.TIM_ClearITPendingBit)
    [Anonymous Symbol]                       0x08001b68   Section        0  stm32f4xx_tim.o(.text.TIM_Cmd)
    [Anonymous Symbol]                       0x08001b9c   Section        0  stm32f4xx_tim.o(.text.TIM_EncoderInterfaceConfig)
    [Anonymous Symbol]                       0x08001c5c   Section        0  stm32f4xx_tim.o(.text.TIM_GetCounter)
    [Anonymous Symbol]                       0x08001c6c   Section        0  stm32f4xx_tim.o(.text.TIM_ITConfig)
    [Anonymous Symbol]                       0x08001cb4   Section        0  stm32f4xx_tim.o(.text.TIM_OC2Init)
    [Anonymous Symbol]                       0x08001dfc   Section        0  stm32f4xx_tim.o(.text.TIM_SetCounter)
    [Anonymous Symbol]                       0x08001e14   Section        0  stm32f4xx_tim.o(.text.TIM_TimeBaseInit)
    [Anonymous Symbol]                       0x08001f2c   Section        0  stm32f4xx_it.o(.text.UsageFault_Handler)
    [Anonymous Symbol]                       0x08001f30   Section        0  i2c.o(.text.i8_i2c1_Init)
    [Anonymous Symbol]                       0x08001fd0   Section        0  i2c.o(.text.i8_i2c_GenStart)
    [Anonymous Symbol]                       0x080020d4   Section        0  i2c.o(.text.i8_i2c_GenStop)
    [Anonymous Symbol]                       0x080020f0   Section        0  i2c.o(.text.i8_i2c_GetData_ACK)
    [Anonymous Symbol]                       0x08002160   Section        0  i2c.o(.text.i8_i2c_GetData_NACK)
    [Anonymous Symbol]                       0x080021d0   Section        0  i2c.o(.text.i8_i2c_ReadMultiData)
    [Anonymous Symbol]                       0x080022d8   Section        0  i2c.o(.text.i8_i2c_SendData)
    [Anonymous Symbol]                       0x0800233c   Section        0  i2c.o(.text.i8_i2c_SendMultiData)
    [Anonymous Symbol]                       0x08002408   Section        0  main.o(.text.main)
    [Anonymous Symbol]                       0x08002478   Section        0  state_machine.o(.text.ui8_GetStateStatus)
    [Anonymous Symbol]                       0x08002484   Section        0  mpu6050.o(.text.v_ConfigLed)
    v_ConfigLed                              0x08002485   Thumb Code    50  mpu6050.o(.text.v_ConfigLed)
    [Anonymous Symbol]                       0x080024b8   Section        0  state_machine.o(.text.v_ImplementStateMachine)
    [Anonymous Symbol]                       0x080024c0   Section        0  encoder.o(.text.v_InitEncoder)
    [Anonymous Symbol]                       0x08002574   Section        0  timer.o(.text.v_InitTimerBase)
    [Anonymous Symbol]                       0x080025d4   Section        0  mpu6050.o(.text.v_Init_Mpu6050)
    [Anonymous Symbol]                       0x08002708   Section        0  mpu6050.o(.text.v_Mpu6050_get_Accel_Raw)
    [Anonymous Symbol]                       0x08002778   Section        0  mpu6050.o(.text.v_Mpu6050_get_Gyro_Raw)
    [Anonymous Symbol]                       0x080027e8   Section        0  pwm.o(.text.v_PWM_Config)
    [Anonymous Symbol]                       0x08002890   Section        0  state_machine.o(.text.v_ResetStateStatus)
    [Anonymous Symbol]                       0x080028ac   Section        0  state_machine.o(.text.v_SetStateStatus)
    [Anonymous Symbol]                       0x080028cc   Section        0  mpu6050.o(.text.v_TimerOverFlow)
    [Anonymous Symbol]                       0x08002924   Section        0  timer.o(.text.v_configNVIC_timer5)
    v_configNVIC_timer5                      0x08002925   Thumb Code    24  timer.o(.text.v_configNVIC_timer5)
    [Anonymous Symbol]                       0x0800293c   Section        0  i2c.o(.text.v_i2c_reset)
    i.__ARM_fpclassify                       0x0800295c   Section        0  fpclassify.o(i.__ARM_fpclassify)
    i.__hardfp_atan                          0x08002990   Section        0  atan.o(i.__hardfp_atan)
    i.__hardfp_atan2                         0x08002c68   Section        0  atan2.o(i.__hardfp_atan2)
    i.__hardfp_sqrt                          0x08002e58   Section        0  sqrt.o(i.__hardfp_sqrt)
    i.__kernel_poly                          0x08002ed2   Section        0  poly.o(i.__kernel_poly)
    i.__mathlib_dbl_infnan                   0x08002fca   Section        0  dunder.o(i.__mathlib_dbl_infnan)
    i.__mathlib_dbl_infnan2                  0x08002fde   Section        0  dunder.o(i.__mathlib_dbl_infnan2)
    i.__mathlib_dbl_underflow                0x08002ff8   Section        0  dunder.o(i.__mathlib_dbl_underflow)
    i.__scatterload_copy                     0x08003018   Section       14  handlers.o(i.__scatterload_copy)
    i.__scatterload_null                     0x08003026   Section        2  handlers.o(i.__scatterload_null)
    i.__scatterload_zeroinit                 0x08003028   Section       14  handlers.o(i.__scatterload_zeroinit)
    i.__set_errno                            0x08003038   Section        0  errno.o(i.__set_errno)
    i.atan                                   0x08003044   Section        0  atan.o(i.atan)
    i.fabs                                   0x08003054   Section        0  fabs.o(i.fabs)
    .constdata                               0x08003070   Section      152  atan.o(.constdata)
    atanhi                                   0x08003070   Data          32  atan.o(.constdata)
    atanlo                                   0x08003090   Data          32  atan.o(.constdata)
    aTodd                                    0x080030b0   Data          40  atan.o(.constdata)
    aTeven                                   0x080030d8   Data          48  atan.o(.constdata)
    .constdata                               0x08003108   Section        8  qnan.o(.constdata)
    [Anonymous Symbol]                       0x08003110   Section        0  stm32f4xx_rcc.o(.rodata.APBAHBPrescTable)
    APBAHBPrescTable                         0x08003110   Data          16  stm32f4xx_rcc.o(.rodata.APBAHBPrescTable)
    .data                                    0x20000000   Section        4  errno.o(.data)
    _errno                                   0x20000000   Data           4  errno.o(.data)
    [Anonymous Symbol]                       0x20000004   Section        0  kalman_filter.o(.data.f_Q_angle)
    f_Q_angle                                0x20000004   Data           4  kalman_filter.o(.data.f_Q_angle)
    [Anonymous Symbol]                       0x20000008   Section        0  kalman_filter.o(.data.f_Q_bias)
    f_Q_bias                                 0x20000008   Data           4  kalman_filter.o(.data.f_Q_bias)
    [Anonymous Symbol]                       0x2000000c   Section        0  kalman_filter.o(.data.f_R_measure)
    f_R_measure                              0x2000000c   Data           4  kalman_filter.o(.data.f_R_measure)
    [Anonymous Symbol]                       0x20000024   Section        0  kalman_filter.o(.bss.f_P)
    f_P                                      0x20000024   Data          16  kalman_filter.o(.bss.f_P)
    [Anonymous Symbol]                       0x20000034   Section        0  kalman_filter.o(.bss.f_angle)
    f_angle                                  0x20000034   Data           4  kalman_filter.o(.bss.f_angle)
    [Anonymous Symbol]                       0x20000038   Section        0  kalman_filter.o(.bss.f_angleX_)
    f_angleX_                                0x20000038   Data           4  kalman_filter.o(.bss.f_angleX_)
    [Anonymous Symbol]                       0x2000003c   Section        0  kalman_filter.o(.bss.f_angleY_)
    f_angleY_                                0x2000003c   Data           4  kalman_filter.o(.bss.f_angleY_)
    [Anonymous Symbol]                       0x20000040   Section        0  kalman_filter.o(.bss.f_bias)
    f_bias                                   0x20000040   Data           4  kalman_filter.o(.bss.f_bias)
    [Anonymous Symbol]                       0x20000044   Section        0  kalman_filter.o(.bss.f_rate)
    f_rate                                   0x20000044   Data           4  kalman_filter.o(.bss.f_rate)
    [Anonymous Symbol]                       0x20000069   Section        0  mpu6050.o(.bss.v_TimerOverFlow.i8_toggle_led)
    v_TimerOverFlow.i8_toggle_led            0x20000069   Data           1  mpu6050.o(.bss.v_TimerOverFlow.i8_toggle_led)
    STACK                                    0x20000070   Section     1024  startup_stm32f40xx.o(STACK)

    Global Symbols

    Symbol Name                              Value     Ov Type        Size  Object(Section)

    BuildAttributes$$THM_ISAv4$E$P$D$K$B$S$7EM$VFPi3$EXTD16$VFPS$VFMA$PE$A:L22UL41UL21$X:L11$S22US41US21$IEEE1$IW$~IW$USESV6$~STKCKD$USESV7$WCHAR32$ENUMINT$~SHL$OTIME$ROPI$IEEEX$EBA8$MICROLIB$REQ8$PRES8$EABIv2 0x00000000   Number         0  anon$$obj.o ABSOLUTE
    __cpp_initialize__aeabi_                  - Undefined Weak Reference
    __cxa_finalize                            - Undefined Weak Reference
    __decompress                              - Undefined Weak Reference
    _clock_init                               - Undefined Weak Reference
    _microlib_exit                            - Undefined Weak Reference
    __Vectors_Size                           0x00000188   Number         0  startup_stm32f40xx.o ABSOLUTE
    __Vectors                                0x08000000   Data           4  startup_stm32f40xx.o(RESET)
    __Vectors_End                            0x08000188   Data           0  startup_stm32f40xx.o(RESET)
    __main                                   0x08000189   Thumb Code     0  entry.o(.ARM.Collect$$$$00000000)
    _main_stk                                0x08000189   Thumb Code     0  entry2.o(.ARM.Collect$$$$00000001)
    _main_scatterload                        0x0800018d   Thumb Code     0  entry5.o(.ARM.Collect$$$$00000004)
    __main_after_scatterload                 0x08000191   Thumb Code     0  entry5.o(.ARM.Collect$$$$00000004)
    _main_clock                              0x08000191   Thumb Code     0  entry7b.o(.ARM.Collect$$$$00000008)
    _main_cpp_init                           0x08000191   Thumb Code     0  entry8b.o(.ARM.Collect$$$$0000000A)
    _main_init                               0x08000191   Thumb Code     0  entry9a.o(.ARM.Collect$$$$0000000B)
    __rt_final_cpp                           0x08000199   Thumb Code     0  entry10a.o(.ARM.Collect$$$$0000000D)
    __rt_final_exit                          0x08000199   Thumb Code     0  entry11a.o(.ARM.Collect$$$$0000000F)
    Reset_Handler                            0x0800019d   Thumb Code     8  startup_stm32f40xx.o(.text)
    ADC_IRQHandler                           0x080001b7   Thumb Code     0  startup_stm32f40xx.o(.text)
    CAN1_RX0_IRQHandler                      0x080001b7   Thumb Code     0  startup_stm32f40xx.o(.text)
    CAN1_RX1_IRQHandler                      0x080001b7   Thumb Code     0  startup_stm32f40xx.o(.text)
    CAN1_SCE_IRQHandler                      0x080001b7   Thumb Code     0  startup_stm32f40xx.o(.text)
    CAN1_TX_IRQHandler                       0x080001b7   Thumb Code     0  startup_stm32f40xx.o(.text)
    CAN2_RX0_IRQHandler                      0x080001b7   Thumb Code     0  startup_stm32f40xx.o(.text)
    CAN2_RX1_IRQHandler                      0x080001b7   Thumb Code     0  startup_stm32f40xx.o(.text)
    CAN2_SCE_IRQHandler                      0x080001b7   Thumb Code     0  startup_stm32f40xx.o(.text)
    CAN2_TX_IRQHandler                       0x080001b7   Thumb Code     0  startup_stm32f40xx.o(.text)
    CRYP_IRQHandler                          0x080001b7   Thumb Code     0  startup_stm32f40xx.o(.text)
    DCMI_IRQHandler                          0x080001b7   Thumb Code     0  startup_stm32f40xx.o(.text)
    DMA1_Stream0_IRQHandler                  0x080001b7   Thumb Code     0  startup_stm32f40xx.o(.text)
    DMA1_Stream1_IRQHandler                  0x080001b7   Thumb Code     0  startup_stm32f40xx.o(.text)
    DMA1_Stream2_IRQHandler                  0x080001b7   Thumb Code     0  startup_stm32f40xx.o(.text)
    DMA1_Stream3_IRQHandler                  0x080001b7   Thumb Code     0  startup_stm32f40xx.o(.text)
    DMA1_Stream4_IRQHandler                  0x080001b7   Thumb Code     0  startup_stm32f40xx.o(.text)
    DMA1_Stream5_IRQHandler                  0x080001b7   Thumb Code     0  startup_stm32f40xx.o(.text)
    DMA1_Stream6_IRQHandler                  0x080001b7   Thumb Code     0  startup_stm32f40xx.o(.text)
    DMA1_Stream7_IRQHandler                  0x080001b7   Thumb Code     0  startup_stm32f40xx.o(.text)
    DMA2_Stream0_IRQHandler                  0x080001b7   Thumb Code     0  startup_stm32f40xx.o(.text)
    DMA2_Stream1_IRQHandler                  0x080001b7   Thumb Code     0  startup_stm32f40xx.o(.text)
    DMA2_Stream2_IRQHandler                  0x080001b7   Thumb Code     0  startup_stm32f40xx.o(.text)
    DMA2_Stream3_IRQHandler                  0x080001b7   Thumb Code     0  startup_stm32f40xx.o(.text)
    DMA2_Stream4_IRQHandler                  0x080001b7   Thumb Code     0  startup_stm32f40xx.o(.text)
    DMA2_Stream5_IRQHandler                  0x080001b7   Thumb Code     0  startup_stm32f40xx.o(.text)
    DMA2_Stream6_IRQHandler                  0x080001b7   Thumb Code     0  startup_stm32f40xx.o(.text)
    DMA2_Stream7_IRQHandler                  0x080001b7   Thumb Code     0  startup_stm32f40xx.o(.text)
    ETH_IRQHandler                           0x080001b7   Thumb Code     0  startup_stm32f40xx.o(.text)
    ETH_WKUP_IRQHandler                      0x080001b7   Thumb Code     0  startup_stm32f40xx.o(.text)
    EXTI0_IRQHandler                         0x080001b7   Thumb Code     0  startup_stm32f40xx.o(.text)
    EXTI15_10_IRQHandler                     0x080001b7   Thumb Code     0  startup_stm32f40xx.o(.text)
    EXTI1_IRQHandler                         0x080001b7   Thumb Code     0  startup_stm32f40xx.o(.text)
    EXTI2_IRQHandler                         0x080001b7   Thumb Code     0  startup_stm32f40xx.o(.text)
    EXTI3_IRQHandler                         0x080001b7   Thumb Code     0  startup_stm32f40xx.o(.text)
    EXTI4_IRQHandler                         0x080001b7   Thumb Code     0  startup_stm32f40xx.o(.text)
    EXTI9_5_IRQHandler                       0x080001b7   Thumb Code     0  startup_stm32f40xx.o(.text)
    FLASH_IRQHandler                         0x080001b7   Thumb Code     0  startup_stm32f40xx.o(.text)
    FPU_IRQHandler                           0x080001b7   Thumb Code     0  startup_stm32f40xx.o(.text)
    FSMC_IRQHandler                          0x080001b7   Thumb Code     0  startup_stm32f40xx.o(.text)
    HASH_RNG_IRQHandler                      0x080001b7   Thumb Code     0  startup_stm32f40xx.o(.text)
    I2C1_ER_IRQHandler                       0x080001b7   Thumb Code     0  startup_stm32f40xx.o(.text)
    I2C1_EV_IRQHandler                       0x080001b7   Thumb Code     0  startup_stm32f40xx.o(.text)
    I2C2_ER_IRQHandler                       0x080001b7   Thumb Code     0  startup_stm32f40xx.o(.text)
    I2C2_EV_IRQHandler                       0x080001b7   Thumb Code     0  startup_stm32f40xx.o(.text)
    I2C3_ER_IRQHandler                       0x080001b7   Thumb Code     0  startup_stm32f40xx.o(.text)
    I2C3_EV_IRQHandler                       0x080001b7   Thumb Code     0  startup_stm32f40xx.o(.text)
    OTG_FS_IRQHandler                        0x080001b7   Thumb Code     0  startup_stm32f40xx.o(.text)
    OTG_FS_WKUP_IRQHandler                   0x080001b7   Thumb Code     0  startup_stm32f40xx.o(.text)
    OTG_HS_EP1_IN_IRQHandler                 0x080001b7   Thumb Code     0  startup_stm32f40xx.o(.text)
    OTG_HS_EP1_OUT_IRQHandler                0x080001b7   Thumb Code     0  startup_stm32f40xx.o(.text)
    OTG_HS_IRQHandler                        0x080001b7   Thumb Code     0  startup_stm32f40xx.o(.text)
    OTG_HS_WKUP_IRQHandler                   0x080001b7   Thumb Code     0  startup_stm32f40xx.o(.text)
    PVD_IRQHandler                           0x080001b7   Thumb Code     0  startup_stm32f40xx.o(.text)
    RCC_IRQHandler                           0x080001b7   Thumb Code     0  startup_stm32f40xx.o(.text)
    RTC_Alarm_IRQHandler                     0x080001b7   Thumb Code     0  startup_stm32f40xx.o(.text)
    RTC_WKUP_IRQHandler                      0x080001b7   Thumb Code     0  startup_stm32f40xx.o(.text)
    SDIO_IRQHandler                          0x080001b7   Thumb Code     0  startup_stm32f40xx.o(.text)
    SPI1_IRQHandler                          0x080001b7   Thumb Code     0  startup_stm32f40xx.o(.text)
    SPI2_IRQHandler                          0x080001b7   Thumb Code     0  startup_stm32f40xx.o(.text)
    SPI3_IRQHandler                          0x080001b7   Thumb Code     0  startup_stm32f40xx.o(.text)
    TAMP_STAMP_IRQHandler                    0x080001b7   Thumb Code     0  startup_stm32f40xx.o(.text)
    TIM1_BRK_TIM9_IRQHandler                 0x080001b7   Thumb Code     0  startup_stm32f40xx.o(.text)
    TIM1_CC_IRQHandler                       0x080001b7   Thumb Code     0  startup_stm32f40xx.o(.text)
    TIM1_TRG_COM_TIM11_IRQHandler            0x080001b7   Thumb Code     0  startup_stm32f40xx.o(.text)
    TIM1_UP_TIM10_IRQHandler                 0x080001b7   Thumb Code     0  startup_stm32f40xx.o(.text)
    TIM3_IRQHandler                          0x080001b7   Thumb Code     0  startup_stm32f40xx.o(.text)
    TIM4_IRQHandler                          0x080001b7   Thumb Code     0  startup_stm32f40xx.o(.text)
    TIM6_DAC_IRQHandler                      0x080001b7   Thumb Code     0  startup_stm32f40xx.o(.text)
    TIM7_IRQHandler                          0x080001b7   Thumb Code     0  startup_stm32f40xx.o(.text)
    TIM8_BRK_TIM12_IRQHandler                0x080001b7   Thumb Code     0  startup_stm32f40xx.o(.text)
    TIM8_CC_IRQHandler                       0x080001b7   Thumb Code     0  startup_stm32f40xx.o(.text)
    TIM8_TRG_COM_TIM14_IRQHandler            0x080001b7   Thumb Code     0  startup_stm32f40xx.o(.text)
    TIM8_UP_TIM13_IRQHandler                 0x080001b7   Thumb Code     0  startup_stm32f40xx.o(.text)
    UART4_IRQHandler                         0x080001b7   Thumb Code     0  startup_stm32f40xx.o(.text)
    UART5_IRQHandler                         0x080001b7   Thumb Code     0  startup_stm32f40xx.o(.text)
    USART1_IRQHandler                        0x080001b7   Thumb Code     0  startup_stm32f40xx.o(.text)
    USART2_IRQHandler                        0x080001b7   Thumb Code     0  startup_stm32f40xx.o(.text)
    USART3_IRQHandler                        0x080001b7   Thumb Code     0  startup_stm32f40xx.o(.text)
    USART6_IRQHandler                        0x080001b7   Thumb Code     0  startup_stm32f40xx.o(.text)
    WWDG_IRQHandler                          0x080001b7   Thumb Code     0  startup_stm32f40xx.o(.text)
    __aeabi_dadd                             0x080001c1   Thumb Code   322  dadd.o(.text)
    __aeabi_dsub                             0x08000303   Thumb Code     6  dadd.o(.text)
    __aeabi_drsub                            0x08000309   Thumb Code     6  dadd.o(.text)
    __aeabi_dmul                             0x0800030f   Thumb Code   228  dmul.o(.text)
    __aeabi_ddiv                             0x080003f3   Thumb Code   222  ddiv.o(.text)
    __aeabi_dcmple                           0x080004d1   Thumb Code    54  dcmple.o(.text)
    __aeabi_dcmplt                           0x08000507   Thumb Code    54  dcmplt.o(.text)
    __aeabi_dcmpge                           0x0800053d   Thumb Code    54  dcmpge.o(.text)
    __aeabi_dcmpgt                           0x08000573   Thumb Code    54  dcmpgt.o(.text)
    __aeabi_i2d                              0x080005a9   Thumb Code    34  dflti.o(.text)
    __aeabi_f2d                              0x080005cb   Thumb Code    38  f2d.o(.text)
    __aeabi_d2f                              0x080005f1   Thumb Code    56  d2f.o(.text)
    __aeabi_llsl                             0x08000629   Thumb Code    30  llshl.o(.text)
    _ll_shift_l                              0x08000629   Thumb Code     0  llshl.o(.text)
    __aeabi_lasr                             0x08000647   Thumb Code    36  llsshr.o(.text)
    _ll_sshift_r                             0x08000647   Thumb Code     0  llsshr.o(.text)
    __I$use$fp                               0x0800066b   Thumb Code     0  iusefp.o(.text)
    _float_round                             0x0800066b   Thumb Code    18  fepilogue.o(.text)
    _float_epilogue                          0x0800067d   Thumb Code    92  fepilogue.o(.text)
    _double_round                            0x080006d9   Thumb Code    30  depilogue.o(.text)
    _double_epilogue                         0x080006f7   Thumb Code   156  depilogue.o(.text)
    _dsqrt                                   0x08000793   Thumb Code   162  dsqrt.o(.text)
    __scatterload                            0x08000835   Thumb Code    28  init.o(.text)
    __scatterload_rt2                        0x08000835   Thumb Code     0  init.o(.text)
    __aeabi_llsr                             0x08000859   Thumb Code    32  llushr.o(.text)
    _ll_ushift_r                             0x08000859   Thumb Code     0  llushr.o(.text)
    BusFault_Handler                         0x080008e9   Thumb Code     4  stm32f4xx_it.o(.text.BusFault_Handler)
    DebugMon_Handler                         0x080008ed   Thumb Code     2  stm32f4xx_it.o(.text.DebugMon_Handler)
    GPIO_Init                                0x080008f1   Thumb Code   258  stm32f4xx_gpio.o(.text.GPIO_Init)
    GPIO_PinAFConfig                         0x080009f5   Thumb Code   130  stm32f4xx_gpio.o(.text.GPIO_PinAFConfig)
    GPIO_ResetBits                           0x08000a79   Thumb Code    28  stm32f4xx_gpio.o(.text.GPIO_ResetBits)
    GPIO_SetBits                             0x08000a95   Thumb Code    28  stm32f4xx_gpio.o(.text.GPIO_SetBits)
    HardFault_Handler                        0x08000ab1   Thumb Code     4  stm32f4xx_it.o(.text.HardFault_Handler)
    I2C_AcknowledgeConfig                    0x08000ab5   Thumb Code    50  stm32f4xx_i2c.o(.text.I2C_AcknowledgeConfig)
    I2C_CheckEvent                           0x08000ae9   Thumb Code    84  stm32f4xx_i2c.o(.text.I2C_CheckEvent)
    I2C_Cmd                                  0x08000b3d   Thumb Code    50  stm32f4xx_i2c.o(.text.I2C_Cmd)
    I2C_GenerateSTART                        0x08000b71   Thumb Code    50  stm32f4xx_i2c.o(.text.I2C_GenerateSTART)
    I2C_GenerateSTOP                         0x08000ba5   Thumb Code    50  stm32f4xx_i2c.o(.text.I2C_GenerateSTOP)
    I2C_GetFlagStatus                        0x08000bd9   Thumb Code   100  stm32f4xx_i2c.o(.text.I2C_GetFlagStatus)
    I2C_Init                                 0x08000c3d   Thumb Code   442  stm32f4xx_i2c.o(.text.I2C_Init)
    I2C_ReceiveData                          0x08000df9   Thumb Code    18  stm32f4xx_i2c.o(.text.I2C_ReceiveData)
    I2C_Send7bitAddress                      0x08000e0d   Thumb Code    80  stm32f4xx_i2c.o(.text.I2C_Send7bitAddress)
    I2C_SendData                             0x08000e5d   Thumb Code    28  stm32f4xx_i2c.o(.text.I2C_SendData)
    Kalman_Filter_Process                    0x08000e79   Thumb Code  1532  kalman_filter.o(.text.Kalman_Filter_Process)
    MPU6050_Kalman_Angle                     0x08001629   Thumb Code    48  kalman_filter.o(.text.MPU6050_Kalman_Angle)
    MemManage_Handler                        0x08001659   Thumb Code     4  stm32f4xx_it.o(.text.MemManage_Handler)
    NMI_Handler                              0x0800165d   Thumb Code     2  stm32f4xx_it.o(.text.NMI_Handler)
    NVIC_Init                                0x08001661   Thumb Code   230  misc.o(.text.NVIC_Init)
    PendSV_Handler                           0x08001749   Thumb Code     2  stm32f4xx_it.o(.text.PendSV_Handler)
    RCC_AHB1PeriphClockCmd                   0x0800174d   Thumb Code    64  stm32f4xx_rcc.o(.text.RCC_AHB1PeriphClockCmd)
    RCC_APB1PeriphClockCmd                   0x0800178d   Thumb Code    64  stm32f4xx_rcc.o(.text.RCC_APB1PeriphClockCmd)
    RCC_GetClocksFreq                        0x080017cd   Thumb Code   362  stm32f4xx_rcc.o(.text.RCC_GetClocksFreq)
    SVC_Handler                              0x08001939   Thumb Code     2  stm32f4xx_it.o(.text.SVC_Handler)
    SysTick_Handler                          0x08001a79   Thumb Code     2  stm32f4xx_it.o(.text.SysTick_Handler)
    SystemInit                               0x08001a7d   Thumb Code   116  system_stm32f4xx.o(.text.SystemInit)
    TIM2_IRQHandler                          0x08001af1   Thumb Code    64  encoder.o(.text.TIM2_IRQHandler)
    TIM5_IRQHandler                          0x08001b31   Thumb Code    22  timer.o(.text.TIM5_IRQHandler)
    TIM_ClearITPendingBit                    0x08001b49   Thumb Code    30  stm32f4xx_tim.o(.text.TIM_ClearITPendingBit)
    TIM_Cmd                                  0x08001b69   Thumb Code    50  stm32f4xx_tim.o(.text.TIM_Cmd)
    TIM_EncoderInterfaceConfig               0x08001b9d   Thumb Code   192  stm32f4xx_tim.o(.text.TIM_EncoderInterfaceConfig)
    TIM_GetCounter                           0x08001c5d   Thumb Code    16  stm32f4xx_tim.o(.text.TIM_GetCounter)
    TIM_ITConfig                             0x08001c6d   Thumb Code    70  stm32f4xx_tim.o(.text.TIM_ITConfig)
    TIM_OC2Init                              0x08001cb5   Thumb Code   326  stm32f4xx_tim.o(.text.TIM_OC2Init)
    TIM_SetCounter                           0x08001dfd   Thumb Code    24  stm32f4xx_tim.o(.text.TIM_SetCounter)
    TIM_TimeBaseInit                         0x08001e15   Thumb Code   278  stm32f4xx_tim.o(.text.TIM_TimeBaseInit)
    UsageFault_Handler                       0x08001f2d   Thumb Code     4  stm32f4xx_it.o(.text.UsageFault_Handler)
    i8_i2c1_Init                             0x08001f31   Thumb Code   160  i2c.o(.text.i8_i2c1_Init)
    i8_i2c_GenStart                          0x08001fd1   Thumb Code   260  i2c.o(.text.i8_i2c_GenStart)
    i8_i2c_GenStop                           0x080020d5   Thumb Code    28  i2c.o(.text.i8_i2c_GenStop)
    i8_i2c_GetData_ACK                       0x080020f1   Thumb Code   112  i2c.o(.text.i8_i2c_GetData_ACK)
    i8_i2c_GetData_NACK                      0x08002161   Thumb Code   112  i2c.o(.text.i8_i2c_GetData_NACK)
    i8_i2c_ReadMultiData                     0x080021d1   Thumb Code   262  i2c.o(.text.i8_i2c_ReadMultiData)
    i8_i2c_SendData                          0x080022d9   Thumb Code   100  i2c.o(.text.i8_i2c_SendData)
    i8_i2c_SendMultiData                     0x0800233d   Thumb Code   204  i2c.o(.text.i8_i2c_SendMultiData)
    main                                     0x08002409   Thumb Code   110  main.o(.text.main)
    ui8_GetStateStatus                       0x08002479   Thumb Code    12  state_machine.o(.text.ui8_GetStateStatus)
    v_ImplementStateMachine                  0x080024b9   Thumb Code     8  state_machine.o(.text.v_ImplementStateMachine)
    v_InitEncoder                            0x080024c1   Thumb Code   178  encoder.o(.text.v_InitEncoder)
    v_InitTimerBase                          0x08002575   Thumb Code    96  timer.o(.text.v_InitTimerBase)
    v_Init_Mpu6050                           0x080025d5   Thumb Code   308  mpu6050.o(.text.v_Init_Mpu6050)
    v_Mpu6050_get_Accel_Raw                  0x08002709   Thumb Code   110  mpu6050.o(.text.v_Mpu6050_get_Accel_Raw)
    v_Mpu6050_get_Gyro_Raw                   0x08002779   Thumb Code   110  mpu6050.o(.text.v_Mpu6050_get_Gyro_Raw)
    v_PWM_Config                             0x080027e9   Thumb Code   168  pwm.o(.text.v_PWM_Config)
    v_ResetStateStatus                       0x08002891   Thumb Code    28  state_machine.o(.text.v_ResetStateStatus)
    v_SetStateStatus                         0x080028ad   Thumb Code    32  state_machine.o(.text.v_SetStateStatus)
    v_TimerOverFlow                          0x080028cd   Thumb Code    88  mpu6050.o(.text.v_TimerOverFlow)
    v_i2c_reset                              0x0800293d   Thumb Code    32  i2c.o(.text.v_i2c_reset)
    __ARM_fpclassify                         0x0800295d   Thumb Code    48  fpclassify.o(i.__ARM_fpclassify)
    __hardfp_atan                            0x08002991   Thumb Code   622  atan.o(i.__hardfp_atan)
    __hardfp_atan2                           0x08002c69   Thumb Code   432  atan2.o(i.__hardfp_atan2)
    __hardfp_sqrt                            0x08002e59   Thumb Code   122  sqrt.o(i.__hardfp_sqrt)
    __kernel_poly                            0x08002ed3   Thumb Code   248  poly.o(i.__kernel_poly)
    __mathlib_dbl_infnan                     0x08002fcb   Thumb Code    20  dunder.o(i.__mathlib_dbl_infnan)
    __mathlib_dbl_infnan2                    0x08002fdf   Thumb Code    20  dunder.o(i.__mathlib_dbl_infnan2)
    __mathlib_dbl_underflow                  0x08002ff9   Thumb Code    24  dunder.o(i.__mathlib_dbl_underflow)
    __scatterload_copy                       0x08003019   Thumb Code    14  handlers.o(i.__scatterload_copy)
    __scatterload_null                       0x08003027   Thumb Code     2  handlers.o(i.__scatterload_null)
    __scatterload_zeroinit                   0x08003029   Thumb Code    14  handlers.o(i.__scatterload_zeroinit)
    __set_errno                              0x08003039   Thumb Code     6  errno.o(i.__set_errno)
    atan                                     0x08003045   Thumb Code    16  atan.o(i.atan)
    fabs                                     0x08003055   Thumb Code    24  fabs.o(i.fabs)
    __mathlib_zero                           0x08003108   Data           8  qnan.o(.constdata)
    Region$$Table$$Base                      0x08003120   Number         0  anon$$obj.o(Region$$Table)
    Region$$Table$$Limit                     0x08003140   Number         0  anon$$obj.o(Region$$Table)
    compAngleX                               0x20000010   Data           8  kalman_filter.o(.bss.compAngleX)
    compAngleY                               0x20000018   Data           8  kalman_filter.o(.bss.compAngleY)
    cycles                                   0x20000020   Data           2  encoder.o(.bss.cycles)
    debug                                    0x20000022   Data           2  main.o(.bss.debug)
    gyroXangle                               0x20000048   Data           8  kalman_filter.o(.bss.gyroXangle)
    gyroYangle                               0x20000050   Data           8  kalman_filter.o(.bss.gyroYangle)
    kalAngleX                                0x20000058   Data           8  kalman_filter.o(.bss.kalAngleX)
    kalAngleY                                0x20000060   Data           8  kalman_filter.o(.bss.kalAngleY)
    ui8_State                                0x20000068   Data           1  state_machine.o(.bss.ui8_State)
    __initial_sp                             0x20000470   Data           0  startup_stm32f40xx.o(STACK)



==============================================================================

Memory Map of the image

  Image Entry point : 0x0800019d

  Load Region LR_1 (Base: 0x08000000, Size: 0x00003150, Max: 0xffffffff, ABSOLUTE)

    Execution Region ER_RO (Exec base: 0x08000000, Load base: 0x08000000, Size: 0x00003140, Max: 0xffffffff, ABSOLUTE)

    Exec Addr    Load Addr    Size         Type   Attr      Idx    E Section Name        Object

    0x08000000   0x08000000   0x00000188   Data   RO           68    RESET               startup_stm32f40xx.o
    0x08000188   0x08000188   0x00000000   Code   RO          792  * .ARM.Collect$$$$00000000  mc_w.l(entry.o)
    0x08000188   0x08000188   0x00000004   Code   RO          840    .ARM.Collect$$$$00000001  mc_w.l(entry2.o)
    0x0800018c   0x0800018c   0x00000004   Code   RO          843    .ARM.Collect$$$$00000004  mc_w.l(entry5.o)
    0x08000190   0x08000190   0x00000000   Code   RO          845    .ARM.Collect$$$$00000008  mc_w.l(entry7b.o)
    0x08000190   0x08000190   0x00000000   Code   RO          847    .ARM.Collect$$$$0000000A  mc_w.l(entry8b.o)
    0x08000190   0x08000190   0x00000008   Code   RO          848    .ARM.Collect$$$$0000000B  mc_w.l(entry9a.o)
    0x08000198   0x08000198   0x00000000   Code   RO          850    .ARM.Collect$$$$0000000D  mc_w.l(entry10a.o)
    0x08000198   0x08000198   0x00000000   Code   RO          852    .ARM.Collect$$$$0000000F  mc_w.l(entry11a.o)
    0x08000198   0x08000198   0x00000004   Code   RO          841    .ARM.Collect$$$$00002712  mc_w.l(entry2.o)
    0x0800019c   0x0800019c   0x00000024   Code   RO           69  * .text               startup_stm32f40xx.o
    0x080001c0   0x080001c0   0x0000014e   Code   RO          795    .text               mf_w.l(dadd.o)
    0x0800030e   0x0800030e   0x000000e4   Code   RO          797    .text               mf_w.l(dmul.o)
    0x080003f2   0x080003f2   0x000000de   Code   RO          799    .text               mf_w.l(ddiv.o)
    0x080004d0   0x080004d0   0x00000036   Code   RO          801    .text               mf_w.l(dcmple.o)
    0x08000506   0x08000506   0x00000036   Code   RO          803    .text               mf_w.l(dcmplt.o)
    0x0800053c   0x0800053c   0x00000036   Code   RO          805    .text               mf_w.l(dcmpge.o)
    0x08000572   0x08000572   0x00000036   Code   RO          807    .text               mf_w.l(dcmpgt.o)
    0x080005a8   0x080005a8   0x00000022   Code   RO          809    .text               mf_w.l(dflti.o)
    0x080005ca   0x080005ca   0x00000026   Code   RO          811    .text               mf_w.l(f2d.o)
    0x080005f0   0x080005f0   0x00000038   Code   RO          813    .text               mf_w.l(d2f.o)
    0x08000628   0x08000628   0x0000001e   Code   RO          854    .text               mc_w.l(llshl.o)
    0x08000646   0x08000646   0x00000024   Code   RO          856    .text               mc_w.l(llsshr.o)
    0x0800066a   0x0800066a   0x00000000   Code   RO          865    .text               mc_w.l(iusefp.o)
    0x0800066a   0x0800066a   0x0000006e   Code   RO          866    .text               mf_w.l(fepilogue.o)
    0x080006d8   0x080006d8   0x000000ba   Code   RO          868    .text               mf_w.l(depilogue.o)
    0x08000792   0x08000792   0x000000a2   Code   RO          872    .text               mf_w.l(dsqrt.o)
    0x08000834   0x08000834   0x00000024   Code   RO          876    .text               mc_w.l(init.o)
    0x08000858   0x08000858   0x00000020   Code   RO          878    .text               mc_w.l(llushr.o)
    0x08000878   0x08000878   0x00000070   Code   RO          687    .text.ABS           kalman_filter.o
    0x080008e8   0x080008e8   0x00000004   Code   RO           26    .text.BusFault_Handler  stm32f4xx_it.o
    0x080008ec   0x080008ec   0x00000002   Code   RO           30    .text.DebugMon_Handler  stm32f4xx_it.o
    0x080008ee   0x080008ee   0x00000002   PAD
    0x080008f0   0x080008f0   0x00000102   Code   RO          126    .text.GPIO_Init     stm32f4xx_gpio.o
    0x080009f2   0x080009f2   0x00000002   PAD
    0x080009f4   0x080009f4   0x00000082   Code   RO          150    .text.GPIO_PinAFConfig  stm32f4xx_gpio.o
    0x08000a76   0x08000a76   0x00000002   PAD
    0x08000a78   0x08000a78   0x0000001c   Code   RO          142    .text.GPIO_ResetBits  stm32f4xx_gpio.o
    0x08000a94   0x08000a94   0x0000001c   Code   RO          140    .text.GPIO_SetBits  stm32f4xx_gpio.o
    0x08000ab0   0x08000ab0   0x00000004   Code   RO           22    .text.HardFault_Handler  stm32f4xx_it.o
    0x08000ab4   0x08000ab4   0x00000032   Code   RO          181    .text.I2C_AcknowledgeConfig  stm32f4xx_i2c.o
    0x08000ae6   0x08000ae6   0x00000002   PAD
    0x08000ae8   0x08000ae8   0x00000054   Code   RO          221    .text.I2C_CheckEvent  stm32f4xx_i2c.o
    0x08000b3c   0x08000b3c   0x00000032   Code   RO          169    .text.I2C_Cmd       stm32f4xx_i2c.o
    0x08000b6e   0x08000b6e   0x00000002   PAD
    0x08000b70   0x08000b70   0x00000032   Code   RO          175    .text.I2C_GenerateSTART  stm32f4xx_i2c.o
    0x08000ba2   0x08000ba2   0x00000002   PAD
    0x08000ba4   0x08000ba4   0x00000032   Code   RO          177    .text.I2C_GenerateSTOP  stm32f4xx_i2c.o
    0x08000bd6   0x08000bd6   0x00000002   PAD
    0x08000bd8   0x08000bd8   0x00000064   Code   RO          225    .text.I2C_GetFlagStatus  stm32f4xx_i2c.o
    0x08000c3c   0x08000c3c   0x000001ba   Code   RO          165    .text.I2C_Init      stm32f4xx_i2c.o
    0x08000df6   0x08000df6   0x00000002   PAD
    0x08000df8   0x08000df8   0x00000012   Code   RO          203    .text.I2C_ReceiveData  stm32f4xx_i2c.o
    0x08000e0a   0x08000e0a   0x00000002   PAD
    0x08000e0c   0x08000e0c   0x00000050   Code   RO          179    .text.I2C_Send7bitAddress  stm32f4xx_i2c.o
    0x08000e5c   0x08000e5c   0x0000001c   Code   RO          201    .text.I2C_SendData  stm32f4xx_i2c.o
    0x08000e78   0x08000e78   0x000005fc   Code   RO          683    .text.Kalman_Filter_Process  kalman_filter.o
    0x08001474   0x08001474   0x000001b2   Code   RO          685    .text.Kalman_Get_Angle  kalman_filter.o
    0x08001626   0x08001626   0x00000002   PAD
    0x08001628   0x08001628   0x00000030   Code   RO          689    .text.MPU6050_Kalman_Angle  kalman_filter.o
    0x08001658   0x08001658   0x00000004   Code   RO           24    .text.MemManage_Handler  stm32f4xx_it.o
    0x0800165c   0x0800165c   0x00000002   Code   RO           20    .text.NMI_Handler   stm32f4xx_it.o
    0x0800165e   0x0800165e   0x00000002   PAD
    0x08001660   0x08001660   0x000000e6   Code   RO           78    .text.NVIC_Init     misc.o
    0x08001746   0x08001746   0x00000002   PAD
    0x08001748   0x08001748   0x00000002   Code   RO           34    .text.PendSV_Handler  stm32f4xx_it.o
    0x0800174a   0x0800174a   0x00000002   PAD
    0x0800174c   0x0800174c   0x00000040   Code   RO          335    .text.RCC_AHB1PeriphClockCmd  stm32f4xx_rcc.o
    0x0800178c   0x0800178c   0x00000040   Code   RO          341    .text.RCC_APB1PeriphClockCmd  stm32f4xx_rcc.o
    0x080017cc   0x080017cc   0x0000016a   Code   RO          313    .text.RCC_GetClocksFreq  stm32f4xx_rcc.o
    0x08001936   0x08001936   0x00000002   PAD
    0x08001938   0x08001938   0x00000002   Code   RO           32    .text.SVC_Handler   stm32f4xx_it.o
    0x0800193a   0x0800193a   0x00000002   PAD
    0x0800193c   0x0800193c   0x0000013a   Code   RO           50    .text.SetSysClock   system_stm32f4xx.o
    0x08001a76   0x08001a76   0x00000002   PAD
    0x08001a78   0x08001a78   0x00000002   Code   RO           36    .text.SysTick_Handler  stm32f4xx_it.o
    0x08001a7a   0x08001a7a   0x00000002   PAD
    0x08001a7c   0x08001a7c   0x00000074   Code   RO           48    .text.SystemInit    system_stm32f4xx.o
    0x08001af0   0x08001af0   0x00000040   Code   RO          645    .text.TIM2_IRQHandler  encoder.o
    0x08001b30   0x08001b30   0x00000016   Code   RO          613    .text.TIM5_IRQHandler  timer.o
    0x08001b46   0x08001b46   0x00000002   PAD
    0x08001b48   0x08001b48   0x0000001e   Code   RO          537    .text.TIM_ClearITPendingBit  stm32f4xx_tim.o
    0x08001b66   0x08001b66   0x00000002   PAD
    0x08001b68   0x08001b68   0x00000032   Code   RO          415    .text.TIM_Cmd       stm32f4xx_tim.o
    0x08001b9a   0x08001b9a   0x00000002   PAD
    0x08001b9c   0x08001b9c   0x000000c0   Code   RO          565    .text.TIM_EncoderInterfaceConfig  stm32f4xx_tim.o
    0x08001c5c   0x08001c5c   0x00000010   Code   RO          401    .text.TIM_GetCounter  stm32f4xx_tim.o
    0x08001c6c   0x08001c6c   0x00000046   Code   RO          527    .text.TIM_ITConfig  stm32f4xx_tim.o
    0x08001cb2   0x08001cb2   0x00000002   PAD
    0x08001cb4   0x08001cb4   0x00000146   Code   RO          419    .text.TIM_OC2Init   stm32f4xx_tim.o
    0x08001dfa   0x08001dfa   0x00000002   PAD
    0x08001dfc   0x08001dfc   0x00000018   Code   RO          397    .text.TIM_SetCounter  stm32f4xx_tim.o
    0x08001e14   0x08001e14   0x00000116   Code   RO          389    .text.TIM_TimeBaseInit  stm32f4xx_tim.o
    0x08001f2a   0x08001f2a   0x00000002   PAD
    0x08001f2c   0x08001f2c   0x00000004   Code   RO           28    .text.UsageFault_Handler  stm32f4xx_it.o
    0x08001f30   0x08001f30   0x000000a0   Code   RO          582    .text.i8_i2c1_Init  i2c.o
    0x08001fd0   0x08001fd0   0x00000104   Code   RO          584    .text.i8_i2c_GenStart  i2c.o
    0x080020d4   0x080020d4   0x0000001c   Code   RO          586    .text.i8_i2c_GenStop  i2c.o
    0x080020f0   0x080020f0   0x00000070   Code   RO          590    .text.i8_i2c_GetData_ACK  i2c.o
    0x08002160   0x08002160   0x00000070   Code   RO          592    .text.i8_i2c_GetData_NACK  i2c.o
    0x080021d0   0x080021d0   0x00000106   Code   RO          596    .text.i8_i2c_ReadMultiData  i2c.o
    0x080022d6   0x080022d6   0x00000002   PAD
    0x080022d8   0x080022d8   0x00000064   Code   RO          588    .text.i8_i2c_SendData  i2c.o
    0x0800233c   0x0800233c   0x000000cc   Code   RO          594    .text.i8_i2c_SendMultiData  i2c.o
    0x08002408   0x08002408   0x0000006e   Code   RO            2    .text.main          main.o
    0x08002476   0x08002476   0x00000002   PAD
    0x08002478   0x08002478   0x0000000c   Code   RO          737    .text.ui8_GetStateStatus  state_machine.o
    0x08002484   0x08002484   0x00000032   Code   RO          663    .text.v_ConfigLed   mpu6050.o
    0x080024b6   0x080024b6   0x00000002   PAD
    0x080024b8   0x080024b8   0x00000008   Code   RO          735    .text.v_ImplementStateMachine  state_machine.o
    0x080024c0   0x080024c0   0x000000b2   Code   RO          643    .text.v_InitEncoder  encoder.o
    0x08002572   0x08002572   0x00000002   PAD
    0x08002574   0x08002574   0x00000060   Code   RO          611    .text.v_InitTimerBase  timer.o
    0x080025d4   0x080025d4   0x00000134   Code   RO          661    .text.v_Init_Mpu6050  mpu6050.o
    0x08002708   0x08002708   0x0000006e   Code   RO          665    .text.v_Mpu6050_get_Accel_Raw  mpu6050.o
    0x08002776   0x08002776   0x00000002   PAD
    0x08002778   0x08002778   0x0000006e   Code   RO          667    .text.v_Mpu6050_get_Gyro_Raw  mpu6050.o
    0x080027e6   0x080027e6   0x00000002   PAD
    0x080027e8   0x080027e8   0x000000a8   Code   RO          628    .text.v_PWM_Config  pwm.o
    0x08002890   0x08002890   0x0000001c   Code   RO          741    .text.v_ResetStateStatus  state_machine.o
    0x080028ac   0x080028ac   0x00000020   Code   RO          739    .text.v_SetStateStatus  state_machine.o
    0x080028cc   0x080028cc   0x00000058   Code   RO          669    .text.v_TimerOverFlow  mpu6050.o
    0x08002924   0x08002924   0x00000018   Code   RO          615    .text.v_configNVIC_timer5  timer.o
    0x0800293c   0x0800293c   0x00000020   Code   RO          598    .text.v_i2c_reset   i2c.o
    0x0800295c   0x0800295c   0x00000030   Code   RO          835    i.__ARM_fpclassify  m_wm.l(fpclassify.o)
    0x0800298c   0x0800298c   0x00000004   PAD
    0x08002990   0x08002990   0x000002d8   Code   RO          754    i.__hardfp_atan     m_wm.l(atan.o)
    0x08002c68   0x08002c68   0x000001f0   Code   RO          768    i.__hardfp_atan2    m_wm.l(atan2.o)
    0x08002e58   0x08002e58   0x0000007a   Code   RO          780    i.__hardfp_sqrt     m_wm.l(sqrt.o)
    0x08002ed2   0x08002ed2   0x000000f8   Code   RO          837    i.__kernel_poly     m_wm.l(poly.o)
    0x08002fca   0x08002fca   0x00000014   Code   RO          816    i.__mathlib_dbl_infnan  m_wm.l(dunder.o)
    0x08002fde   0x08002fde   0x00000014   Code   RO          817    i.__mathlib_dbl_infnan2  m_wm.l(dunder.o)
    0x08002ff2   0x08002ff2   0x00000006   PAD
    0x08002ff8   0x08002ff8   0x00000020   Code   RO          821    i.__mathlib_dbl_underflow  m_wm.l(dunder.o)
    0x08003018   0x08003018   0x0000000e   Code   RO          882    i.__scatterload_copy  mc_w.l(handlers.o)
    0x08003026   0x08003026   0x00000002   Code   RO          883    i.__scatterload_null  mc_w.l(handlers.o)
    0x08003028   0x08003028   0x0000000e   Code   RO          884    i.__scatterload_zeroinit  mc_w.l(handlers.o)
    0x08003036   0x08003036   0x00000002   PAD
    0x08003038   0x08003038   0x0000000c   Code   RO          860    i.__set_errno       mc_w.l(errno.o)
    0x08003044   0x08003044   0x00000010   Code   RO          756    i.atan              m_wm.l(atan.o)
    0x08003054   0x08003054   0x00000018   Code   RO          831    i.fabs              m_wm.l(fabs.o)
    0x0800306c   0x0800306c   0x00000004   PAD
    0x08003070   0x08003070   0x00000098   Data   RO          757    .constdata          m_wm.l(atan.o)
    0x08003108   0x08003108   0x00000008   Data   RO          839    .constdata          m_wm.l(qnan.o)
    0x08003110   0x08003110   0x00000010   Data   RO          375    .rodata.APBAHBPrescTable  stm32f4xx_rcc.o
    0x08003120   0x08003120   0x00000020   Data   RO          880    Region$$Table       anon$$obj.o


    Execution Region ER_RW (Exec base: 0x20000000, Load base: 0x08003140, Size: 0x00000010, Max: 0xffffffff, ABSOLUTE)

    Exec Addr    Load Addr    Size         Type   Attr      Idx    E Section Name        Object

    0x20000000   0x08003140   0x00000004   Data   RW          861    .data               mc_w.l(errno.o)
    0x20000004   0x08003144   0x00000004   Data   RW          719    .data.f_Q_angle     kalman_filter.o
    0x20000008   0x08003148   0x00000004   Data   RW          720    .data.f_Q_bias      kalman_filter.o
    0x2000000c   0x0800314c   0x00000004   Data   RW          721    .data.f_R_measure   kalman_filter.o


    Execution Region ER_ZI (Exec base: 0x20000010, Load base: 0x08003150, Size: 0x00000460, Max: 0xffffffff, ABSOLUTE)

    Exec Addr    Load Addr    Size         Type   Attr      Idx    E Section Name        Object

    0x20000010        -       0x00000008   Zero   RW          717    .bss.compAngleX     kalman_filter.o
    0x20000018        -       0x00000008   Zero   RW          712    .bss.compAngleY     kalman_filter.o
    0x20000020        -       0x00000002   Zero   RW          649    .bss.cycles         encoder.o
    0x20000022        -       0x00000002   Zero   RW            5    .bss.debug          main.o
    0x20000024        -       0x00000010   Zero   RW          723    .bss.f_P            kalman_filter.o
    0x20000034        -       0x00000004   Zero   RW          710    .bss.f_angle        kalman_filter.o
    0x20000038        -       0x00000004   Zero   RW          714    .bss.f_angleX_      kalman_filter.o
    0x2000003c        -       0x00000004   Zero   RW          709    .bss.f_angleY_      kalman_filter.o
    0x20000040        -       0x00000004   Zero   RW          722    .bss.f_bias         kalman_filter.o
    0x20000044        -       0x00000004   Zero   RW          718    .bss.f_rate         kalman_filter.o
    0x20000048        -       0x00000008   Zero   RW          716    .bss.gyroXangle     kalman_filter.o
    0x20000050        -       0x00000008   Zero   RW          713    .bss.gyroYangle     kalman_filter.o
    0x20000058        -       0x00000008   Zero   RW          715    .bss.kalAngleX      kalman_filter.o
    0x20000060        -       0x00000008   Zero   RW          711    .bss.kalAngleY      kalman_filter.o
    0x20000068        -       0x00000001   Zero   RW          743    .bss.ui8_State      state_machine.o
    0x20000069        -       0x00000001   Zero   RW          671    .bss.v_TimerOverFlow.i8_toggle_led  mpu6050.o
    0x2000006a   0x08003150   0x00000006   PAD
    0x20000070        -       0x00000400   Zero   RW           66    STACK               startup_stm32f40xx.o


==============================================================================

Image component sizes


      Code (inc. data)   RO Data    RW Data    ZI Data      Debug   Object Name

       242          0          0          0          2       5698   encoder.o
      1270          0          0          0          0       5195   i2c.o
      2126        116          0         12         84       4192   kalman_filter.o
       110          0          0          0          2       2311   main.o
       230          0          0          0          0       3416   misc.o
       666          0          0          0          1       3735   mpu6050.o
       168          0          0          0          0       3570   pwm.o
        36          8        392          0       1024        984   startup_stm32f40xx.o
        80          0          0          0          1       1163   state_machine.o
       444          0          0          0          0       5139   stm32f4xx_gpio.o
       952          0          0          0          0       9121   stm32f4xx_i2c.o
        26          0          0          0          0       1193   stm32f4xx_it.o
       490          0         16          0          0      12255   stm32f4xx_rcc.o
       986          0          0          0          0      22289   stm32f4xx_tim.o
       430          0          0          0          0       3506   system_stm32f4xx.o
       142          0          0          0          0       4552   timer.o

    ----------------------------------------------------------------------
      8456        124        440         12       1120      88319   Object Totals
         0          0         32          0          0          0   (incl. Generated)
        58          0          0          0          6          0   (incl. Padding)

    ----------------------------------------------------------------------

      Code (inc. data)   RO Data    RW Data    ZI Data      Debug   Library Member Name

       744        106        152          0          0        352   atan.o
       496         64          0          0          0        192   atan2.o
        72          8          0          0          0        372   dunder.o
        24          0          0          0          0        124   fabs.o
        48          0          0          0          0        124   fpclassify.o
       248          0          0          0          0        152   poly.o
         0          0          8          0          0          0   qnan.o
       122          0          0          0          0        148   sqrt.o
         0          0          0          0          0          0   entry.o
         0          0          0          0          0          0   entry10a.o
         0          0          0          0          0          0   entry11a.o
         8          4          0          0          0          0   entry2.o
         4          0          0          0          0          0   entry5.o
         0          0          0          0          0          0   entry7b.o
         0          0          0          0          0          0   entry8b.o
         8          4          0          0          0          0   entry9a.o
        12          6          0          4          0         68   errno.o
        30          0          0          0          0          0   handlers.o
        36          8          0          0          0         68   init.o
         0          0          0          0          0          0   iusefp.o
        30          0          0          0          0         68   llshl.o
        36          0          0          0          0         68   llsshr.o
        32          0          0          0          0         68   llushr.o
        56          0          0          0          0         88   d2f.o
       334          0          0          0          0        148   dadd.o
        54          0          0          0          0         80   dcmpge.o
        54          0          0          0          0         80   dcmpgt.o
        54          0          0          0          0         80   dcmple.o
        54          0          0          0          0         80   dcmplt.o
       222          0          0          0          0        100   ddiv.o
       186          0          0          0          0        176   depilogue.o
        34          0          0          0          0         76   dflti.o
       228          0          0          0          0         96   dmul.o
       162          0          0          0          0        100   dsqrt.o
        38          0          0          0          0         68   f2d.o
       110          0          0          0          0        168   fepilogue.o

    ----------------------------------------------------------------------
      3552        200        160          4          0       3144   Library Totals
        16          0          0          0          0          0   (incl. Padding)

    ----------------------------------------------------------------------

      Code (inc. data)   RO Data    RW Data    ZI Data      Debug   Library Name

      1754        178        160          0          0       1464   m_wm.l
       196         22          0          4          0        340   mc_w.l
      1586          0          0          0          0       1340   mf_w.l

    ----------------------------------------------------------------------
      3552        200        160          4          0       3144   Library Totals

    ----------------------------------------------------------------------

==============================================================================


      Code (inc. data)   RO Data    RW Data    ZI Data      Debug   

     12008        324        600         16       1120      89763   Grand Totals
     12008        324        600         16       1120      89763   ELF Image Totals
     12008        324        600         16          0          0   ROM Totals

==============================================================================

    Total RO  Size (Code + RO Data)                12608 (  12.31kB)
    Total RW  Size (RW Data + ZI Data)              1136 (   1.11kB)
    Total ROM Size (Code + RO Data + RW Data)      12624 (  12.33kB)

==============================================================================

